Archive member included to satisfy reference by file (symbol)

C:/Users/ntan/git/BlinkyLED03/BlinkyLED_mainapp_psoc6pdl/Debug/libBlinkyLED_mainapp_psoc6pdl.a(cy_syslib_gcc.o)
                              ./psoc6sw-1.0/components/psoc6pdl/devices/psoc6/startup/system_psoc6_cm4.o (Cy_SysLib_EnterCriticalSection)
C:/Users/ntan/git/BlinkyLED03/BlinkyLED_mainapp_psoc6pdl/Debug/libBlinkyLED_mainapp_psoc6pdl.a(cy_device.o)
                              ./psoc6sw-1.0/components/psoc6pdl/devices/psoc6/startup/system_psoc6_cm4.o (Cy_PDL_Init)
C:/Users/ntan/git/BlinkyLED03/BlinkyLED_mainapp_psoc6pdl/Debug/libBlinkyLED_mainapp_psoc6pdl.a(cy_flash.o)
                              ./psoc6sw-1.0/components/psoc6pdl/devices/psoc6/startup/system_psoc6_cm4.o (Cy_Flash_Init)
C:/Users/ntan/git/BlinkyLED03/BlinkyLED_mainapp_psoc6pdl/Debug/libBlinkyLED_mainapp_psoc6pdl.a(cy_gpio.o)
                              ./BlinkyLED_config/GeneratedSource/cycfg_pins.o (Cy_GPIO_Pin_Init)
C:/Users/ntan/git/BlinkyLED03/BlinkyLED_mainapp_psoc6pdl/Debug/libBlinkyLED_mainapp_psoc6pdl.a(cy_ipc_drv.o)
                              C:/Users/ntan/git/BlinkyLED03/BlinkyLED_mainapp_psoc6pdl/Debug/libBlinkyLED_mainapp_psoc6pdl.a(cy_flash.o) (Cy_IPC_Drv_SendMsgWord)
C:/Users/ntan/git/BlinkyLED03/BlinkyLED_mainapp_psoc6pdl/Debug/libBlinkyLED_mainapp_psoc6pdl.a(cy_ipc_pipe.o)
                              ./psoc6sw-1.0/components/psoc6pdl/devices/psoc6/startup/system_psoc6_cm4.o (Cy_IPC_Pipe_Config)
C:/Users/ntan/git/BlinkyLED03/BlinkyLED_mainapp_psoc6pdl/Debug/libBlinkyLED_mainapp_psoc6pdl.a(cy_ipc_sema.o)
                              ./psoc6sw-1.0/components/psoc6pdl/devices/psoc6/startup/system_psoc6_cm4.o (Cy_IPC_Sema_Init)
C:/Users/ntan/git/BlinkyLED03/BlinkyLED_mainapp_psoc6pdl/Debug/libBlinkyLED_mainapp_psoc6pdl.a(cy_scb_common.o)
                              ./Source/stdio_user.o (Cy_SCB_Write)
C:/Users/ntan/git/BlinkyLED03/BlinkyLED_mainapp_psoc6pdl/Debug/libBlinkyLED_mainapp_psoc6pdl.a(cy_sysclk.o)
                              ./BlinkyLED_config/GeneratedSource/cycfg_platform.o (Cy_SysClk_ClkPathSetSource)
C:/Users/ntan/git/BlinkyLED03/BlinkyLED_mainapp_psoc6pdl/Debug/libBlinkyLED_mainapp_psoc6pdl.a(cy_sysint.o)
                              C:/Users/ntan/git/BlinkyLED03/BlinkyLED_mainapp_psoc6pdl/Debug/libBlinkyLED_mainapp_psoc6pdl.a(cy_flash.o) (Cy_SysInt_Init)
C:/Users/ntan/git/BlinkyLED03/BlinkyLED_mainapp_psoc6pdl/Debug/libBlinkyLED_mainapp_psoc6pdl.a(cy_syslib.o)
                              ./Source/main.o (Cy_SysLib_Delay)
C:/Users/ntan/git/BlinkyLED03/BlinkyLED_mainapp_psoc6pdl/Debug/libBlinkyLED_mainapp_psoc6pdl.a(cy_syspm.o)
                              ./BlinkyLED_config/GeneratedSource/cycfg_platform.o (Cy_SysPm_LdoSetVoltage)
C:/Users/ntan/git/BlinkyLED03/BlinkyLED_mainapp_psoc6pdl/Debug/libBlinkyLED_mainapp_psoc6pdl.a(cy_prot.o)
                              C:/Users/ntan/git/BlinkyLED03/BlinkyLED_mainapp_psoc6pdl/Debug/libBlinkyLED_mainapp_psoc6pdl.a(cy_syspm.o) (Cy_Prot_GetActivePC)
c:/users/ntan/modustoolbox_1.0/tools/gcc-7.2.1-1.0/bin/../lib/gcc/arm-none-eabi/7.2.1/thumb/v7e-m/fpv4-sp/softfp\libgcc.a(_arm_addsubdf3.o)
                              C:/Users/ntan/git/BlinkyLED03/BlinkyLED_mainapp_psoc6pdl/Debug/libBlinkyLED_mainapp_psoc6pdl.a(cy_sysclk.o) (__aeabi_f2d)
c:/users/ntan/modustoolbox_1.0/tools/gcc-7.2.1-1.0/bin/../lib/gcc/arm-none-eabi/7.2.1/thumb/v7e-m/fpv4-sp/softfp\libgcc.a(_arm_muldivdf3.o)
                              C:/Users/ntan/git/BlinkyLED03/BlinkyLED_mainapp_psoc6pdl/Debug/libBlinkyLED_mainapp_psoc6pdl.a(cy_sysclk.o) (__aeabi_ddiv)
c:/users/ntan/modustoolbox_1.0/tools/gcc-7.2.1-1.0/bin/../lib/gcc/arm-none-eabi/7.2.1/thumb/v7e-m/fpv4-sp/softfp\libgcc.a(_arm_fixunsdfsi.o)
                              C:/Users/ntan/git/BlinkyLED03/BlinkyLED_mainapp_psoc6pdl/Debug/libBlinkyLED_mainapp_psoc6pdl.a(cy_sysclk.o) (__aeabi_d2uiz)
c:/users/ntan/modustoolbox_1.0/tools/gcc-7.2.1-1.0/bin/../lib/gcc/arm-none-eabi/7.2.1/thumb/v7e-m/fpv4-sp/softfp\libgcc.a(_arm_truncdfsf2.o)
                              C:/Users/ntan/git/BlinkyLED03/BlinkyLED_mainapp_psoc6pdl/Debug/libBlinkyLED_mainapp_psoc6pdl.a(cy_sysclk.o) (__aeabi_d2f)
c:/users/ntan/modustoolbox_1.0/tools/gcc-7.2.1-1.0/bin/../lib/gcc/arm-none-eabi/7.2.1/thumb/v7e-m/fpv4-sp/softfp\libgcc.a(_aeabi_uldivmod.o)
                              C:/Users/ntan/git/BlinkyLED03/BlinkyLED_mainapp_psoc6pdl/Debug/libBlinkyLED_mainapp_psoc6pdl.a(cy_sysclk.o) (__aeabi_uldivmod)
c:/users/ntan/modustoolbox_1.0/tools/gcc-7.2.1-1.0/bin/../lib/gcc/arm-none-eabi/7.2.1/thumb/v7e-m/fpv4-sp/softfp\libgcc.a(_udivmoddi4.o)
                              c:/users/ntan/modustoolbox_1.0/tools/gcc-7.2.1-1.0/bin/../lib/gcc/arm-none-eabi/7.2.1/thumb/v7e-m/fpv4-sp/softfp\libgcc.a(_aeabi_uldivmod.o) (__udivmoddi4)
c:/users/ntan/modustoolbox_1.0/tools/gcc-7.2.1-1.0/bin/../lib/gcc/arm-none-eabi/7.2.1/thumb/v7e-m/fpv4-sp/softfp\libgcc.a(_dvmd_tls.o)
[...]
Memory Configuration

Name             Origin             Length             Attributes
ram              0x08024000         0x00023800         xrw
flash            0x10080000         0x00080000         xr
em_eeprom        0x14000000         0x00008000         xr
sflash_user_data 0x16000800         0x00000800         xr
sflash_nar       0x16001a00         0x00000200         xr
sflash_public_key 0x16005a00         0x00000c00         xr
sflash_toc_2     0x16007c00         0x00000200         xr
sflash_rtoc_2    0x16007e00         0x00000200         xr
xip              0x18000000         0x08000000         xr
efuse            0x90700000         0x00100000         r
*default*        0x00000000         0xffffffff

Linker script and memory map

LOAD c:/users/ntan/modustoolbox_1.0/tools/gcc-7.2.1-1.0/bin/../lib/gcc/arm-none-eabi/7.2.1/thumb/v7e-m/fpv4-sp/softfp/crti.o
LOAD c:/users/ntan/modustoolbox_1.0/tools/gcc-7.2.1-1.0/bin/../lib/gcc/arm-none-eabi/7.2.1/thumb/v7e-m/fpv4-sp/softfp/crtbegin.o
LOAD c:/users/ntan/modustoolbox_1.0/tools/gcc-7.2.1-1.0/bin/../lib/gcc/arm-none-eabi/7.2.1/../../../../arm-none-eabi/lib/thumb/v7e-m/fpv4-sp/softfp/crt0.o
START GROUP
LOAD ./psoc6sw-1.0/components/psoc6pdl/utilities/retarget_io/retarget.o
LOAD ./psoc6sw-1.0/components/psoc6pdl/devices/psoc6/startup/gcc/startup_psoc6_01_cm4.o
LOAD ./psoc6sw-1.0/components/psoc6pdl/devices/psoc6/startup/system_psoc6_cm4.o
LOAD ./Source/main.o
LOAD ./Source/stdio_user.o
LOAD ./BlinkyLED_config/GeneratedSource/cycfg.o
LOAD ./BlinkyLED_config/GeneratedSource/cycfg_clocks.o
LOAD ./BlinkyLED_config/GeneratedSource/cycfg_connectivity.o
LOAD ./BlinkyLED_config/GeneratedSource/cycfg_peripherals.o
LOAD ./BlinkyLED_config/GeneratedSource/cycfg_pins.o
LOAD ./BlinkyLED_config/GeneratedSource/cycfg_platform.o
LOAD C:/Users/ntan/git/BlinkyLED03/BlinkyLED_mainapp_psoc6pdl/Debug/libBlinkyLED_mainapp_psoc6pdl.a
END GROUP
START GROUP
LOAD c:/users/ntan/modustoolbox_1.0/tools/gcc-7.2.1-1.0/bin/../lib/gcc/arm-none-eabi/7.2.1/thumb/v7e-m/fpv4-sp/softfp\libgcc.a
LOAD c:/users/ntan/modustoolbox_1.0/tools/gcc-7.2.1-1.0/bin/../lib/gcc/arm-none-eabi/7.2.1/../../../../arm-none-eabi/lib/thumb/v7e-m/fpv4-sp/softfp\libg_nano.a
LOAD c:/users/ntan/modustoolbox_1.0/tools/gcc-7.2.1-1.0/bin/../lib/gcc/arm-none-eabi/7.2.1/../../../../arm-none-eabi/lib/thumb/v7e-m/fpv4-sp/softfp\libc_nano.a
END GROUP
START GROUP
LOAD c:/users/ntan/modustoolbox_1.0/tools/gcc-7.2.1-1.0/bin/../lib/gcc/arm-none-eabi/7.2.1/thumb/v7e-m/fpv4-sp/softfp\libgcc.a
LOAD c:/users/ntan/modustoolbox_1.0/tools/gcc-7.2.1-1.0/bin/../lib/gcc/arm-none-eabi/7.2.1/../../../../arm-none-eabi/lib/thumb/v7e-m/fpv4-sp/softfp\libc_nano.a
END GROUP
LOAD c:/users/ntan/modustoolbox_1.0/tools/gcc-7.2.1-1.0/bin/../lib/gcc/arm-none-eabi/7.2.1/thumb/v7e-m/fpv4-sp/softfp/crtend.o
LOAD c:/users/ntan/modustoolbox_1.0/tools/gcc-7.2.1-1.0/bin/../lib/gcc/arm-none-eabi/7.2.1/thumb/v7e-m/fpv4-sp/softfp/crtn.o
START GROUP
LOAD c:/users/ntan/modustoolbox_1.0/tools/gcc-7.2.1-1.0/bin/../lib/gcc/arm-none-eabi/7.2.1/thumb/v7e-m/fpv4-sp/softfp\libgcc.a
LOAD c:/users/ntan/modustoolbox_1.0/tools/gcc-7.2.1-1.0/bin/../lib/gcc/arm-none-eabi/7.2.1/../../../../arm-none-eabi/lib/thumb/v7e-m/fpv4-sp/softfp\libc.a
LOAD c:/users/ntan/modustoolbox_1.0/tools/gcc-7.2.1-1.0/bin/../lib/gcc/arm-none-eabi/7.2.1/../../../../arm-none-eabi/lib/thumb/v7e-m/fpv4-sp/softfp\libnosys.a
END GROUP
START GROUP
LOAD c:/users/ntan/modustoolbox_1.0/tools/gcc-7.2.1-1.0/bin/../lib/gcc/arm-none-eabi/7.2.1/thumb/v7e-m/fpv4-sp/softfp\libgcc.a
LOAD c:/users/ntan/modustoolbox_1.0/tools/gcc-7.2.1-1.0/bin/../lib/gcc/arm-none-eabi/7.2.1/../../../../arm-none-eabi/lib/thumb/v7e-m/fpv4-sp/softfp\libc.a
LOAD c:/users/ntan/modustoolbox_1.0/tools/gcc-7.2.1-1.0/bin/../lib/gcc/arm-none-eabi/7.2.1/../../../../arm-none-eabi/lib/thumb/v7e-m/fpv4-sp/softfp\libm.a
LOAD c:/users/ntan/modustoolbox_1.0/tools/gcc-7.2.1-1.0/bin/../lib/gcc/arm-none-eabi/7.2.1/../../../../arm-none-eabi/lib/thumb/v7e-m/fpv4-sp/softfp\libnosys.a
END GROUP

.text           0x10080000     0x58fc
                0x10080000                . = ALIGN (0x4)
                0x10080000                __Vectors = .
 *(.vectors)
 .vectors       0x10080000      0x28c ./psoc6sw-1.0/components/psoc6pdl/devices/psoc6/startup/gcc/startup_psoc6_01_cm4.o
                0x1008028c                . = ALIGN (0x4)
                0x1008028c                __Vectors_End = .
                0x0000028c                __Vectors_Size = (__Vectors_End - __Vectors)
                0x1008028c                __end__ = .
                0x1008028c                . = ALIGN (0x4)
 *(.text*)
 .text          0x1008028c       0x40 c:/users/ntan/modustoolbox_1.0/tools/gcc-7.2.1-1.0/bin/../lib/gcc/arm-none-eabi/7.2.1/thumb/v7e-m/fpv4-sp/softfp/crtbegin.o
 .text._write   0x100802cc       0x22 ./psoc6sw-1.0/components/psoc6pdl/utilities/retarget_io/retarget.o
                0x100802cc                _write
 .text._read    0x100802ee       0x2a ./psoc6sw-1.0/components/psoc6pdl/utilities/retarget_io/retarget.o
                0x100802ee                _read
 .text          0x10080318       0x84 ./psoc6sw-1.0/components/psoc6pdl/devices/psoc6/startup/gcc/startup_psoc6_01_cm4.o
                0x10080318                Cy_OnResetUser
                0x1008031a                Reset_Handler
                0x1008037c                cpuss_interrupts_ipc_6_IRQHandler
                0x1008037c                DebugMon_Handler
                0x1008037c                tcpwm_1_interrupts_11_IRQHandler
                0x1008037c                cpuss_interrupts_ipc_0_IRQHandler
                0x1008037c                tcpwm_1_interrupts_15_IRQHandler
                0x1008037c                ioss_interrupts_gpio_13_IRQHandler
                0x1008037c                tcpwm_1_interrupts_13_IRQHandler
                0x1008037c                cpuss_interrupts_dw1_8_IRQHandler
                0x1008037c                tcpwm_0_interrupts_0_IRQHandler
                0x1008037c                SysTick_Handler
                0x1008037c                cpuss_interrupt_fm_IRQHandler
                0x1008037c                cpuss_interrupts_ipc_7_IRQHandler
                0x1008037c                tcpwm_1_interrupts_14_IRQHandler
                0x1008037c                cpuss_interrupts_dw0_5_IRQHandler
                0x1008037c                tcpwm_1_interrupts_9_IRQHandler
                0x1008037c                cpuss_interrupts_cm0_cti_1_IRQHandler
                0x1008037c                tcpwm_1_interrupts_22_IRQHandler
                0x1008037c                cpuss_interrupts_dw0_4_IRQHandler
                0x1008037c                PendSV_Handler
                0x1008037c                NMI_Handler
                0x1008037c                cpuss_interrupts_dw1_12_IRQHandler
                0x1008037c                tcpwm_1_interrupts_12_IRQHandler
                0x1008037c                smif_interrupt_IRQHandler
                0x1008037c                tcpwm_1_interrupts_2_IRQHandler
                0x1008037c                cpuss_interrupts_ipc_13_IRQHandler
                0x1008037c                udb_interrupts_11_IRQHandler
                0x1008037c                tcpwm_1_interrupts_18_IRQHandler
                0x1008037c                cpuss_interrupts_dw0_11_IRQHandler
                0x1008037c                tcpwm_0_interrupts_2_IRQHandler
                0x1008037c                cpuss_interrupts_dw0_13_IRQHandler
                0x1008037c                udb_interrupts_2_IRQHandler
                0x1008037c                cpuss_interrupts_dw1_7_IRQHandler
                0x1008037c                ioss_interrupts_gpio_1_IRQHandler
                0x1008037c                ioss_interrupts_gpio_7_IRQHandler
                0x1008037c                scb_5_interrupt_IRQHandler
                0x1008037c                udb_interrupts_6_IRQHandler
                0x1008037c                cpuss_interrupts_fault_1_IRQHandler
                0x1008037c                cpuss_interrupts_ipc_4_IRQHandler
                0x1008037c                cpuss_interrupts_ipc_5_IRQHandler
                0x1008037c                cpuss_interrupts_dw1_10_IRQHandler
                0x1008037c                udb_interrupts_0_IRQHandler
                0x1008037c                tcpwm_1_interrupts_6_IRQHandler
                0x1008037c                scb_4_interrupt_IRQHandler
                0x1008037c                pass_interrupt_dacs_IRQHandler
                0x1008037c                ioss_interrupts_gpio_2_IRQHandler
                0x1008037c                cpuss_interrupts_dw1_9_IRQHandler
                0x1008037c                cpuss_interrupts_dw1_13_IRQHandler
                0x1008037c                scb_2_interrupt_IRQHandler
                0x1008037c                cpuss_interrupts_cm0_cti_0_IRQHandler
                0x1008037c                udb_interrupts_5_IRQHandler
                0x1008037c                srss_interrupt_IRQHandler
                0x1008037c                udb_interrupts_12_IRQHandler
                0x1008037c                scb_0_interrupt_IRQHandler
                0x1008037c                csd_interrupt_IRQHandler
                0x1008037c                udb_interrupts_1_IRQHandler
                0x1008037c                profile_interrupt_IRQHandler
                0x1008037c                tcpwm_1_interrupts_1_IRQHandler
                0x1008037c                cpuss_interrupts_ipc_12_IRQHandler
                0x1008037c                tcpwm_1_interrupts_3_IRQHandler
                0x1008037c                tcpwm_0_interrupts_7_IRQHandler
                0x1008037c                cpuss_interrupts_dw1_1_IRQHandler
                0x1008037c                cpuss_interrupts_dw1_0_IRQHandler
                0x1008037c                cpuss_interrupts_dw0_9_IRQHandler
                0x1008037c                lpcomp_interrupt_IRQHandler
                0x1008037c                tcpwm_1_interrupts_23_IRQHandler
                0x1008037c                udb_interrupts_4_IRQHandler
                0x1008037c                tcpwm_1_interrupts_20_IRQHandler
                0x1008037c                ioss_interrupt_gpio_IRQHandler
                0x1008037c                tcpwm_0_interrupts_1_IRQHandler
                0x1008037c                ioss_interrupts_gpio_8_IRQHandler
                0x1008037c                tcpwm_0_interrupts_6_IRQHandler
                0x1008037c                scb_7_interrupt_IRQHandler
                0x1008037c                tcpwm_1_interrupts_7_IRQHandler
                0x1008037c                cpuss_interrupts_ipc_11_IRQHandler
                0x1008037c                udb_interrupts_13_IRQHandler
                0x1008037c                cpuss_interrupts_dw0_15_IRQHandler
                0x1008037c                udb_interrupts_7_IRQHandler
                0x1008037c                cpuss_interrupts_dw1_6_IRQHandler
                0x1008037c                cpuss_interrupt_crypto_IRQHandler
                0x1008037c                scb_1_interrupt_IRQHandler
                0x1008037c                Default_Handler
                0x1008037c                usb_interrupt_hi_IRQHandler
                0x1008037c                tcpwm_1_interrupts_0_IRQHandler
                0x1008037c                udb_interrupts_9_IRQHandler
                0x1008037c                audioss_interrupt_pdm_IRQHandler
                0x1008037c                srss_interrupt_mcwdt_0_IRQHandler
                0x1008037c                scb_3_interrupt_IRQHandler
                0x1008037c                pass_interrupt_ctbs_IRQHandler
                0x1008037c                udb_interrupts_8_IRQHandler
                0x1008037c                ioss_interrupts_gpio_3_IRQHandler
                0x1008037c                scb_6_interrupt_IRQHandler
                0x1008037c                cpuss_interrupts_cm4_cti_0_IRQHandler
                0x1008037c                cpuss_interrupts_dw1_3_IRQHandler
                0x1008037c                pass_interrupt_sar_IRQHandler
                0x1008037c                ioss_interrupts_gpio_0_IRQHandler
                0x1008037c                ioss_interrupts_gpio_14_IRQHandler
                0x1008037c                tcpwm_0_interrupts_4_IRQHandler
                0x1008037c                udb_interrupts_3_IRQHandler
                0x1008037c                tcpwm_0_interrupts_5_IRQHandler
                0x1008037c                cpuss_interrupts_ipc_15_IRQHandler
                0x1008037c                cpuss_interrupts_cm4_cti_1_IRQHandler
                0x1008037c                scb_8_interrupt_IRQHandler
                0x1008037c                srss_interrupt_mcwdt_1_IRQHandler
                0x1008037c                cpuss_interrupts_dw1_2_IRQHandler
                0x1008037c                SVC_Handler
                0x1008037c                cpuss_interrupts_dw1_5_IRQHandler
                0x1008037c                cpuss_interrupts_ipc_1_IRQHandler
                0x1008037c                cpuss_interrupts_dw0_0_IRQHandler
                0x1008037c                ioss_interrupts_gpio_12_IRQHandler
                0x1008037c                cpuss_interrupts_ipc_3_IRQHandler
                0x1008037c                tcpwm_1_interrupts_17_IRQHandler
                0x1008037c                srss_interrupt_backup_IRQHandler
                0x1008037c                bless_interrupt_IRQHandler
                0x1008037c                cpuss_interrupts_ipc_10_IRQHandler
                0x1008037c                cpuss_interrupts_ipc_9_IRQHandler
                0x1008037c                cpuss_interrupts_dw0_14_IRQHandler
                0x1008037c                tcpwm_1_interrupts_4_IRQHandler
                0x1008037c                tcpwm_0_interrupts_3_IRQHandler
                0x1008037c                cpuss_interrupts_dw1_15_IRQHandler
                0x1008037c                ioss_interrupts_gpio_10_IRQHandler
                0x1008037c                udb_interrupts_10_IRQHandler
                0x1008037c                cpuss_interrupts_dw0_8_IRQHandler
                0x1008037c                ioss_interrupts_gpio_11_IRQHandler
                0x1008037c                cpuss_interrupts_ipc_14_IRQHandler
                0x1008037c                ioss_interrupts_gpio_5_IRQHandler
                0x1008037c                ioss_interrupts_gpio_4_IRQHandler
                0x1008037c                tcpwm_1_interrupts_8_IRQHandler
                0x1008037c                cpuss_interrupts_dw1_14_IRQHandler
                0x1008037c                usb_interrupt_med_IRQHandler
                0x1008037c                cpuss_interrupts_dw0_2_IRQHandler
                0x1008037c                tcpwm_1_interrupts_10_IRQHandler
                0x1008037c                cpuss_interrupts_fault_0_IRQHandler
                0x1008037c                cpuss_interrupts_dw0_12_IRQHandler
                0x1008037c                ioss_interrupts_gpio_6_IRQHandler
                0x1008037c                tcpwm_1_interrupts_21_IRQHandler
                0x1008037c                tcpwm_1_interrupts_16_IRQHandler
                0x1008037c                cpuss_interrupts_dw1_4_IRQHandler
                0x1008037c                udb_interrupts_15_IRQHandler
                0x1008037c                cpuss_interrupts_dw1_11_IRQHandler
                0x1008037c                cpuss_interrupts_dw0_6_IRQHandler
                0x1008037c                ioss_interrupt_vdd_IRQHandler
                0x1008037c                cpuss_interrupts_dw0_7_IRQHandler
                0x1008037c                audioss_interrupt_i2s_IRQHandler
                0x1008037c                tcpwm_1_interrupts_5_IRQHandler
                0x1008037c                cpuss_interrupts_ipc_2_IRQHandler
                0x1008037c                cpuss_interrupts_dw0_10_IRQHandler
                0x1008037c                tcpwm_1_interrupts_19_IRQHandler
                0x1008037c                cpuss_interrupts_dw0_1_IRQHandler
                0x1008037c                ioss_interrupts_gpio_9_IRQHandler
                0x1008037c                usb_interrupt_lo_IRQHandler
                0x1008037c                cpuss_interrupts_ipc_8_IRQHandler
                0x1008037c                udb_interrupts_14_IRQHandler
                0x1008037c                cpuss_interrupts_dw0_3_IRQHandler
                0x10080380                UsageFault_Handler
                0x10080380                HardFault_Handler
                0x10080380                MemManage_Handler
                0x10080380                BusFault_Handler
 .text.Cy_SysIpcPipeIsrCm4
                0x1008039c        0xa ./psoc6sw-1.0/components/psoc6pdl/devices/psoc6/startup/system_psoc6_cm4.o
                0x1008039c                Cy_SysIpcPipeIsrCm4
 .text.Cy_SystemInit
                0x100803a6        0x2 ./psoc6sw-1.0/components/psoc6pdl/devices/psoc6/startup/system_psoc6_cm4.o
                0x100803a6                Cy_SystemInit
 .text.SystemCoreClockUpdate
                0x100803a8      0x1b4 ./psoc6sw-1.0/components/psoc6pdl/devices/psoc6/startup/system_psoc6_cm4.o
                0x100803a8                SystemCoreClockUpdate
 .text.SystemInit
                0x1008055c       0x48 ./psoc6sw-1.0/components/psoc6pdl/devices/psoc6/startup/system_psoc6_cm4.o
                0x1008055c                SystemInit
 .text.Cy_SystemInitFpuEnable
                0x100805a4       0x28 ./psoc6sw-1.0/components/psoc6pdl/devices/psoc6/startup/system_psoc6_cm4.o
                0x100805a4                Cy_SystemInitFpuEnable
 .text.main     0x100805cc       0x2c ./Source/main.o
                0x100805cc                main
 .text.STDIO_PutChar
                0x100805f8       0x18 ./Source/stdio_user.o
                0x100805f8                STDIO_PutChar
 .text.STDIO_GetChar
                0x10080610       0x1c ./Source/stdio_user.o
                0x10080610                STDIO_GetChar
 .text.init_cycfg_all
                0x1008062c       0x18 ./BlinkyLED_config/GeneratedSource/cycfg.o
                0x1008062c                init_cycfg_all
 .text.init_cycfg_clocks
                0x10080644       0x4c ./BlinkyLED_config/GeneratedSource/cycfg_clocks.o
                0x10080644                init_cycfg_clocks
 .text.init_cycfg_connectivity
                0x10080690        0x2 ./BlinkyLED_config/GeneratedSource/cycfg_connectivity.o
                0x10080690                init_cycfg_connectivity
 *fill*         0x10080692        0x2 
 .text.init_cycfg_peripherals
                0x10080694       0x1c ./BlinkyLED_config/GeneratedSource/cycfg_peripherals.o
                0x10080694                init_cycfg_peripherals
 .text.init_cycfg_pins
                0x100806b0       0x74 ./BlinkyLED_config/GeneratedSource/cycfg_pins.o
                0x100806b0                init_cycfg_pins
 .text.cycfg_ClockStartupError
                0x10080724        0x2 ./BlinkyLED_config/GeneratedSource/cycfg_platform.o
                0x10080724                cycfg_ClockStartupError
 *fill*         0x10080726        0x2 
 .text.init_cycfg_platform
                0x10080728      0x28c ./BlinkyLED_config/GeneratedSource/cycfg_platform.o
                0x10080728                init_cycfg_platform
 *fill*         0x100809b4        0x4 
 .text          0x100809b8       0x20 C:/Users/ntan/git/BlinkyLED03/BlinkyLED_mainapp_psoc6pdl/Debug/libBlinkyLED_mainapp_psoc6pdl.a(cy_syslib_gcc.o)
                0x100809b8                Cy_SysLib_DelayCycles
                0x100809ca                Cy_SysLib_EnterCriticalSection
                0x100809d2                Cy_SysLib_ExitCriticalSection
 .text.Cy_PDL_Init
                0x100809d8        0xc C:/Users/ntan/git/BlinkyLED03/BlinkyLED_mainapp_psoc6pdl/Debug/libBlinkyLED_mainapp_psoc6pdl.a(cy_device.o)
                0x100809d8                Cy_PDL_Init
 .text.Cy_Flash_ProcessOpcode
                0x100809e4       0xa4 C:/Users/ntan/git/BlinkyLED03/BlinkyLED_mainapp_psoc6pdl/Debug/libBlinkyLED_mainapp_psoc6pdl.a(cy_flash.o)
 .text.Cy_Flash_OperationStatus
                0x10080a88       0x60 C:/Users/ntan/git/BlinkyLED03/BlinkyLED_mainapp_psoc6pdl/Debug/libBlinkyLED_mainapp_psoc6pdl.a(cy_flash.o)
 .text.Cy_Flash_InitExt
                0x10080ae8       0x80 C:/Users/ntan/git/BlinkyLED03/BlinkyLED_mainapp_psoc6pdl/Debug/libBlinkyLED_mainapp_psoc6pdl.a(cy_flash.o)
                0x10080ae8                Cy_Flash_InitExt
 .text.Cy_Flash_Init
                0x10080b68       0x10 C:/Users/ntan/git/BlinkyLED03/BlinkyLED_mainapp_psoc6pdl/Debug/libBlinkyLED_mainapp_psoc6pdl.a(cy_flash.o)
                0x10080b68                Cy_Flash_Init
 .text.Cy_GPIO_Pin_Init
                0x10080b78      0x360 C:/Users/ntan/git/BlinkyLED03/BlinkyLED_mainapp_psoc6pdl/Debug/libBlinkyLED_mainapp_psoc6pdl.a(cy_gpio.o)
                0x10080b78                Cy_GPIO_Pin_Init
 .text.Cy_IPC_Drv_LockRelease
                0x10080ed8       0x40 C:/Users/ntan/git/BlinkyLED03/BlinkyLED_mainapp_psoc6pdl/Debug/libBlinkyLED_mainapp_psoc6pdl.a(cy_ipc_drv.o)
                0x10080ed8                Cy_IPC_Drv_LockRelease
 .text.Cy_IPC_Drv_SendMsgWord
                0x10080f18       0x34 C:/Users/ntan/git/BlinkyLED03/BlinkyLED_mainapp_psoc6pdl/Debug/libBlinkyLED_mainapp_psoc6pdl.a(cy_ipc_drv.o)
                0x10080f18                Cy_IPC_Drv_SendMsgWord
 .text.Cy_IPC_Drv_ReadMsgWord
                0x10080f4c       0x38 C:/Users/ntan/git/BlinkyLED03/BlinkyLED_mainapp_psoc6pdl/Debug/libBlinkyLED_mainapp_psoc6pdl.a(cy_ipc_drv.o)
                0x10080f4c                Cy_IPC_Drv_ReadMsgWord
 .text.Cy_IPC_Pipe_Config
                0x10080f84       0x14 C:/Users/ntan/git/BlinkyLED03/BlinkyLED_mainapp_psoc6pdl/Debug/libBlinkyLED_mainapp_psoc6pdl.a(cy_ipc_pipe.o)
                0x10080f84                Cy_IPC_Pipe_Config
 .text.Cy_IPC_Pipe_EndpointInit
                0x10080f98       0xdc C:/Users/ntan/git/BlinkyLED03/BlinkyLED_mainapp_psoc6pdl/Debug/libBlinkyLED_mainapp_psoc6pdl.a(cy_ipc_pipe.o)
                0x10080f98                Cy_IPC_Pipe_EndpointInit
 .text.Cy_IPC_Pipe_Init
                0x10081074       0xc0 C:/Users/ntan/git/BlinkyLED03/BlinkyLED_mainapp_psoc6pdl/Debug/libBlinkyLED_mainapp_psoc6pdl.a(cy_ipc_pipe.o)
                0x10081074                Cy_IPC_Pipe_Init
 .text.Cy_IPC_Pipe_SendMessage
                0x10081134       0xa0 C:/Users/ntan/git/BlinkyLED03/BlinkyLED_mainapp_psoc6pdl/Debug/libBlinkyLED_mainapp_psoc6pdl.a(cy_ipc_pipe.o)
                0x10081134                Cy_IPC_Pipe_SendMessage
 .text.Cy_IPC_Pipe_RegisterCallback
                0x100811d4       0x54 C:/Users/ntan/git/BlinkyLED03/BlinkyLED_mainapp_psoc6pdl/Debug/libBlinkyLED_mainapp_psoc6pdl.a(cy_ipc_pipe.o)
                0x100811d4                Cy_IPC_Pipe_RegisterCallback
 .text.Cy_IPC_Pipe_ExecCallback
                0x10081228       0xcc C:/Users/ntan/git/BlinkyLED03/BlinkyLED_mainapp_psoc6pdl/Debug/libBlinkyLED_mainapp_psoc6pdl.a(cy_ipc_pipe.o)
                0x10081228                Cy_IPC_Pipe_ExecCallback
 .text.Cy_IPC_Pipe_ExecuteCallback
                0x100812f4       0x30 C:/Users/ntan/git/BlinkyLED03/BlinkyLED_mainapp_psoc6pdl/Debug/libBlinkyLED_mainapp_psoc6pdl.a(cy_ipc_pipe.o)
                0x100812f4                Cy_IPC_Pipe_ExecuteCallback
 .text.Cy_IPC_Sema_InitExt
                0x10081324       0xac C:/Users/ntan/git/BlinkyLED03/BlinkyLED_mainapp_psoc6pdl/Debug/libBlinkyLED_mainapp_psoc6pdl.a(cy_ipc_sema.o)
                0x10081324                Cy_IPC_Sema_InitExt
 .text.Cy_IPC_Sema_Init
                0x100813d0       0x6c C:/Users/ntan/git/BlinkyLED03/BlinkyLED_mainapp_psoc6pdl/Debug/libBlinkyLED_mainapp_psoc6pdl.a(cy_ipc_sema.o)
                0x100813d0                Cy_IPC_Sema_Init
 .text.Cy_IPC_Sema_Clear
                0x1008143c       0x7c C:/Users/ntan/git/BlinkyLED03/BlinkyLED_mainapp_psoc6pdl/Debug/libBlinkyLED_mainapp_psoc6pdl.a(cy_ipc_sema.o)
                0x1008143c                Cy_IPC_Sema_Clear
 .text.Cy_IPC_Sema_Status
                0x100814b8       0x40 C:/Users/ntan/git/BlinkyLED03/BlinkyLED_mainapp_psoc6pdl/Debug/libBlinkyLED_mainapp_psoc6pdl.a(cy_ipc_sema.o)
                0x100814b8                Cy_IPC_Sema_Status
 .text.Cy_SCB_Write
                0x100814f8       0x26 C:/Users/ntan/git/BlinkyLED03/BlinkyLED_mainapp_psoc6pdl/Debug/libBlinkyLED_mainapp_psoc6pdl.a(cy_scb_common.o)
                0x100814f8                Cy_SCB_Write
 *fill*         0x1008151e        0x2 
 .text.Cy_SysClk_ClkPathSetSource
                0x10081520       0x5c C:/Users/ntan/git/BlinkyLED03/BlinkyLED_mainapp_psoc6pdl/Debug/libBlinkyLED_mainapp_psoc6pdl.a(cy_sysclk.o)
                0x10081520                Cy_SysClk_ClkPathSetSource
 .text.Cy_SysClk_ClkPathGetSource
                0x1008157c       0x4c C:/Users/ntan/git/BlinkyLED03/BlinkyLED_mainapp_psoc6pdl/Debug/libBlinkyLED_mainapp_psoc6pdl.a(cy_sysclk.o)
                0x1008157c                Cy_SysClk_ClkPathGetSource
 .text.Cy_SysClk_FllManualConfigure
                0x100815c8      0x164 C:/Users/ntan/git/BlinkyLED03/BlinkyLED_mainapp_psoc6pdl/Debug/libBlinkyLED_mainapp_psoc6pdl.a(cy_sysclk.o)
                0x100815c8                Cy_SysClk_FllManualConfigure
 .text.Cy_SysClk_FllEnable
                0x1008172c       0xc4 C:/Users/ntan/git/BlinkyLED03/BlinkyLED_mainapp_psoc6pdl/Debug/libBlinkyLED_mainapp_psoc6pdl.a(cy_sysclk.o)
                0x1008172c                Cy_SysClk_FllEnable
 .text.Cy_SysInt_SetVector
                0x100817f0       0x48 C:/Users/ntan/git/BlinkyLED03/BlinkyLED_mainapp_psoc6pdl/Debug/libBlinkyLED_mainapp_psoc6pdl.a(cy_sysint.o)
                0x100817f0                Cy_SysInt_SetVector
 .text.Cy_SysInt_Init
                0x10081838       0x74 C:/Users/ntan/git/BlinkyLED03/BlinkyLED_mainapp_psoc6pdl/Debug/libBlinkyLED_mainapp_psoc6pdl.a(cy_sysint.o)
                0x10081838                Cy_SysInt_Init
 .text.Cy_SysLib_Delay
                0x100818ac       0x30 C:/Users/ntan/git/BlinkyLED03/BlinkyLED_mainapp_psoc6pdl/Debug/libBlinkyLED_mainapp_psoc6pdl.a(cy_syslib.o)
                0x100818ac                Cy_SysLib_Delay
 .text.Cy_SysLib_DelayUs
                0x100818dc       0x14 C:/Users/ntan/git/BlinkyLED03/BlinkyLED_mainapp_psoc6pdl/Debug/libBlinkyLED_mainapp_psoc6pdl.a(cy_syslib.o)
                0x100818dc                Cy_SysLib_DelayUs
 .text.Cy_SysLib_Halt
                0x100818f0        0x4 C:/Users/ntan/git/BlinkyLED03/BlinkyLED_mainapp_psoc6pdl/Debug/libBlinkyLED_mainapp_psoc6pdl.a(cy_syslib.o)
                0x100818f0                Cy_SysLib_Halt
 .text.Cy_SysLib_AssertFailed
                0x100818f4       0x1c C:/Users/ntan/git/BlinkyLED03/BlinkyLED_mainapp_psoc6pdl/Debug/libBlinkyLED_mainapp_psoc6pdl.a(cy_syslib.o)
                0x100818f4                Cy_SysLib_AssertFailed
 .text.Cy_SysLib_ResetBackupDomain
                0x10081910       0x20 C:/Users/ntan/git/BlinkyLED03/BlinkyLED_mainapp_psoc6pdl/Debug/libBlinkyLED_mainapp_psoc6pdl.a(cy_syslib.o)
                0x10081910                Cy_SysLib_ResetBackupDomain
 .text.Cy_SysLib_GetResetReason
                0x10081930       0x18 C:/Users/ntan/git/BlinkyLED03/BlinkyLED_mainapp_psoc6pdl/Debug/libBlinkyLED_mainapp_psoc6pdl.a(cy_syslib.o)
                0x10081930                Cy_SysLib_GetResetReason
 .text.Cy_SysLib_ProcessingFault
                0x10081948        0x2 C:/Users/ntan/git/BlinkyLED03/BlinkyLED_mainapp_psoc6pdl/Debug/libBlinkyLED_mainapp_psoc6pdl.a(cy_syslib.o)
                0x10081948                Cy_SysLib_ProcessingFault
 *fill*         0x1008194a        0x2 
 .text.Cy_SysLib_FaultHandler
                0x1008194c       0xa4 C:/Users/ntan/git/BlinkyLED03/BlinkyLED_mainapp_psoc6pdl/Debug/libBlinkyLED_mainapp_psoc6pdl.a(cy_syslib.o)
                0x1008194c                Cy_SysLib_FaultHandler
 .text.Cy_SysLib_SetWaitStates
                0x100819f0       0xcc C:/Users/ntan/git/BlinkyLED03/BlinkyLED_mainapp_psoc6pdl/Debug/libBlinkyLED_mainapp_psoc6pdl.a(cy_syslib.o)
                0x100819f0                Cy_SysLib_SetWaitStates
 .text.SetReadMarginTrimUlp
                0x10081abc       0x84 C:/Users/ntan/git/BlinkyLED03/BlinkyLED_mainapp_psoc6pdl/Debug/libBlinkyLED_mainapp_psoc6pdl.a(cy_syspm.o)
 .text.SetReadMarginTrimLp
                0x10081b40       0x7c C:/Users/ntan/git/BlinkyLED03/BlinkyLED_mainapp_psoc6pdl/Debug/libBlinkyLED_mainapp_psoc6pdl.a(cy_syspm.o)
 .text.SetWriteAssistTrimUlp
                0x10081bbc       0x58 C:/Users/ntan/git/BlinkyLED03/BlinkyLED_mainapp_psoc6pdl/Debug/libBlinkyLED_mainapp_psoc6pdl.a(cy_syspm.o)
 .text.SetWriteAssistTrimLp
                0x10081c14       0x68 C:/Users/ntan/git/BlinkyLED03/BlinkyLED_mainapp_psoc6pdl/Debug/libBlinkyLED_mainapp_psoc6pdl.a(cy_syspm.o)
 .text.IsVoltageChangePossible
                0x10081c7c       0x46 C:/Users/ntan/git/BlinkyLED03/BlinkyLED_mainapp_psoc6pdl/Debug/libBlinkyLED_mainapp_psoc6pdl.a(cy_syspm.o)
 *fill*         0x10081cc2        0x2 
 .text.Cy_SysPm_WriteVoltageBitForFlash
                0x10081cc4      0x118 C:/Users/ntan/git/BlinkyLED03/BlinkyLED_mainapp_psoc6pdl/Debug/libBlinkyLED_mainapp_psoc6pdl.a(cy_syspm.o)
                0x10081cc4                Cy_SysPm_WriteVoltageBitForFlash
 .text.Cy_SysPm_LdoSetVoltage
                0x10081ddc       0xcc C:/Users/ntan/git/BlinkyLED03/BlinkyLED_mainapp_psoc6pdl/Debug/libBlinkyLED_mainapp_psoc6pdl.a(cy_syspm.o)
                0x10081ddc                Cy_SysPm_LdoSetVoltage
 .text.Cy_Prot_GetActivePC
                0x10081ea8       0x38 C:/Users/ntan/git/BlinkyLED03/BlinkyLED_mainapp_psoc6pdl/Debug/libBlinkyLED_mainapp_psoc6pdl.a(cy_prot.o)
                0x10081ea8                Cy_Prot_GetActivePC
 .text          0x10081ee0      0x378 c:/users/ntan/modustoolbox_1.0/tools/gcc-7.2.1-1.0/bin/../lib/gcc/arm-none-eabi/7.2.1/thumb/v7e-m/fpv4-sp/softfp\libgcc.a(_arm_addsubdf3.o)
                0x10081ee0                __aeabi_drsub
                0x10081ee8                __aeabi_dsub
                0x10081ee8                __subdf3
                0x10081eec                __aeabi_dadd
                0x10081eec                __adddf3
                0x10082164                __floatunsidf
                0x10082164                __aeabi_ui2d
                0x10082184                __floatsidf
                0x10082184                __aeabi_i2d
                0x100821a8                __aeabi_f2d
                0x100821a8                __extendsfdf2
                0x100821ec                __floatundidf
                0x100821ec                __aeabi_ul2d
                0x100821fc                __floatdidf
                0x100821fc                __aeabi_l2d
 .text          0x10082258      0x424 c:/users/ntan/modustoolbox_1.0/tools/gcc-7.2.1-1.0/bin/../lib/gcc/arm-none-eabi/7.2.1/thumb/v7e-m/fpv4-sp/softfp\libgcc.a(_arm_muldivdf3.o)
                0x10082258                __aeabi_dmul
                0x10082258                __muldf3
                0x100824ac                __divdf3
                0x100824ac                __aeabi_ddiv
 .text.memset   0x1008267c       0x10 c:/users/ntan/modustoolbox_1.0/tools/gcc-7.2.1-1.0/bin/../lib/gcc/arm-none-eabi/7.2.1/../../../../arm-none-eabi/lib/thumb/v7e-m/fpv4-sp/softfp\libg_nano.a(lib_a-memset.o)
                0x1008267c                memset
 .text.__cvt    0x1008268c       0xbc c:/users/ntan/modustoolbox_1.0/tools/gcc-7.2.1-1.0/bin/../lib/gcc/arm-none-eabi/7.2.1/../../../../arm-none-eabi/lib/thumb/v7e-m/fpv4-sp/softfp\libg_nano.a(lib_a-nano-vfprintf_float.o)
                0x1008268c                __cvt
 .text.__exponent
                0x10082748       0x66 c:/users/ntan/modustoolbox_1.0/tools/gcc-7.2.1-1.0/bin/../lib/gcc/arm-none-eabi/7.2.1/../../../../arm-none-eabi/lib/thumb/v7e-m/fpv4-sp/softfp\libg_nano.a(lib_a-nano-vfprintf_float.o)
                0x10082748                __exponent
 *fill*         0x100827ae        0x2 
 .text._printf_float
                0x100827b0      0x48c c:/users/ntan/modustoolbox_1.0/tools/gcc-7.2.1-1.0/bin/../lib/gcc/arm-none-eabi/7.2.1/../../../../arm-none-eabi/lib/thumb/v7e-m/fpv4-sp/softfp\libg_nano.a(lib_a-nano-vfprintf_float.o)
                0x100827b0                _printf_float
 .text._printf_common
                0x10082c3c       0xea c:/users/ntan/modustoolbox_1.0/tools/gcc-7.2.1-1.0/bin/../lib/gcc/arm-none-eabi/7.2.1/../../../../arm-none-eabi/lib/thumb/v7e-m/fpv4-sp/softfp\libg_nano.a(lib_a-nano-vfprintf_i.o)
                0x10082c3c                _printf_common
 *fill*         0x10082d26        0x2 
 .text._printf_i
                0x10082d28      0x224 c:/users/ntan/modustoolbox_1.0/tools/gcc-7.2.1-1.0/bin/../lib/gcc/arm-none-eabi/7.2.1/../../../../arm-none-eabi/lib/thumb/v7e-m/fpv4-sp/softfp\libg_nano.a(lib_a-nano-vfprintf_i.o)
                0x10082d28                _printf_i
 .text.printf   0x10082f4c       0x30 c:/users/ntan/modustoolbox_1.0/tools/gcc-7.2.1-1.0/bin/../lib/gcc/arm-none-eabi/7.2.1/../../../../arm-none-eabi/lib/thumb/v7e-m/fpv4-sp/softfp\libg_nano.a(lib_a-printf.o)
                0x10082f4c                iprintf
                0x10082f4c                printf
 .text          0x10082f7c       0x10 c:/users/ntan/modustoolbox_1.0/tools/gcc-7.2.1-1.0/bin/../lib/gcc/arm-none-eabi/7.2.1/../../../../arm-none-eabi/lib/thumb/v7e-m/fpv4-sp/softfp\libg_nano.a(lib_a-strlen.o)
                0x10082f7c                strlen
 .text.strncpy  0x10082f8c       0x2a c:/users/ntan/modustoolbox_1.0/tools/gcc-7.2.1-1.0/bin/../lib/gcc/arm-none-eabi/7.2.1/../../../../arm-none-eabi/lib/thumb/v7e-m/fpv4-sp/softfp\libg_nano.a(lib_a-strncpy.o)
                0x10082f8c                strncpy
 .text.quorem   0x10082fb6      0x118 c:/users/ntan/modustoolbox_1.0/tools/gcc-7.2.1-1.0/bin/../lib/gcc/arm-none-eabi/7.2.1/../../../../arm-none-eabi/lib/thumb/v7e-m/fpv4-sp/softfp\libg_nano.a(lib_a-dtoa.o)
 *fill*         0x100830ce        0x2 
 .text._dtoa_r  0x100830d0      0xb7c c:/users/ntan/modustoolbox_1.0/tools/gcc-7.2.1-1.0/bin/../lib/gcc/arm-none-eabi/7.2.1/../../../../arm-none-eabi/lib/thumb/v7e-m/fpv4-sp/softfp\libg_nano.a(lib_a-dtoa.o)
                0x100830d0                _dtoa_r
 .text.std      0x10083c4c       0x48 c:/users/ntan/modustoolbox_1.0/tools/gcc-7.2.1-1.0/bin/../lib/gcc/arm-none-eabi/7.2.1/../../../../arm-none-eabi/lib/thumb/v7e-m/fpv4-sp/softfp\libg_nano.a(lib_a-findfp.o)
 .text._cleanup_r
                0x10083c94        0xc c:/users/ntan/modustoolbox_1.0/tools/gcc-7.2.1-1.0/bin/../lib/gcc/arm-none-eabi/7.2.1/../../../../arm-none-eabi/lib/thumb/v7e-m/fpv4-sp/softfp\libg_nano.a(lib_a-findfp.o)
                0x10083c94                _cleanup_r
 .text.__sfmoreglue
                0x10083ca0       0x2c c:/users/ntan/modustoolbox_1.0/tools/gcc-7.2.1-1.0/bin/../lib/gcc/arm-none-eabi/7.2.1/../../../../arm-none-eabi/lib/thumb/v7e-m/fpv4-sp/softfp\libg_nano.a(lib_a-findfp.o)
                0x10083ca0                __sfmoreglue
 .text.__sinit  0x10083ccc       0x60 c:/users/ntan/modustoolbox_1.0/tools/gcc-7.2.1-1.0/bin/../lib/gcc/arm-none-eabi/7.2.1/../../../../arm-none-eabi/lib/thumb/v7e-m/fpv4-sp/softfp\libg_nano.a(lib_a-findfp.o)
                0x10083ccc                __sinit
 .text.__sfp    0x10083d2c       0x78 c:/users/ntan/modustoolbox_1.0/tools/gcc-7.2.1-1.0/bin/../lib/gcc/arm-none-eabi/7.2.1/../../../../arm-none-eabi/lib/thumb/v7e-m/fpv4-sp/softfp\libg_nano.a(lib_a-findfp.o)
                0x10083d2c                __sfp
 .text._fwalk_reent
                0x10083da4       0x3c c:/users/ntan/modustoolbox_1.0/tools/gcc-7.2.1-1.0/bin/../lib/gcc/arm-none-eabi/7.2.1/../../../../arm-none-eabi/lib/thumb/v7e-m/fpv4-sp/softfp\libg_nano.a(lib_a-fwalk.o)
                0x10083da4                _fwalk_reent
 .text._localeconv_r
                0x10083de0       0x1c c:/users/ntan/modustoolbox_1.0/tools/gcc-7.2.1-1.0/bin/../lib/gcc/arm-none-eabi/7.2.1/../../../../arm-none-eabi/lib/thumb/v7e-m/fpv4-sp/softfp\libg_nano.a(lib_a-localeconv.o)
                0x10083de0                _localeconv_r
 .text.malloc   0x10083dfc       0x10 c:/users/ntan/modustoolbox_1.0/tools/gcc-7.2.1-1.0/bin/../lib/gcc/arm-none-eabi/7.2.1/../../../../arm-none-eabi/lib/thumb/v7e-m/fpv4-sp/softfp\libg_nano.a(lib_a-malloc.o)
                0x10083dfc                malloc
 .text.__ascii_mbtowc
                0x10083e0c       0x24 c:/users/ntan/modustoolbox_1.0/tools/gcc-7.2.1-1.0/bin/../lib/gcc/arm-none-eabi/7.2.1/../../../../arm-none-eabi/lib/thumb/v7e-m/fpv4-sp/softfp\libg_nano.a(lib_a-mbtowc_r.o)
                0x10083e0c                __ascii_mbtowc
 .text          0x10083e30       0xa0 c:/users/ntan/modustoolbox_1.0/tools/gcc-7.2.1-1.0/bin/../lib/gcc/arm-none-eabi/7.2.1/../../../../arm-none-eabi/lib/thumb/v7e-m/fpv4-sp/softfp\libg_nano.a(lib_a-memchr.o)
                0x10083e30                memchr
 .text.memcpy   0x10083ed0       0x16 c:/users/ntan/modustoolbox_1.0/tools/gcc-7.2.1-1.0/bin/../lib/gcc/arm-none-eabi/7.2.1/../../../../arm-none-eabi/lib/thumb/v7e-m/fpv4-sp/softfp\libg_nano.a(lib_a-memcpy-stub.o)
                0x10083ed0                memcpy
 .text._Balloc  0x10083ee6       0x68 c:/users/ntan/modustoolbox_1.0/tools/gcc-7.2.1-1.0/bin/../lib/gcc/arm-none-eabi/7.2.1/../../../../arm-none-eabi/lib/thumb/v7e-m/fpv4-sp/softfp\libg_nano.a(lib_a-mprec.o)
                0x10083ee6                _Balloc
 .text._Bfree   0x10083f4e       0x2e c:/users/ntan/modustoolbox_1.0/tools/gcc-7.2.1-1.0/bin/../lib/gcc/arm-none-eabi/7.2.1/../../../../arm-none-eabi/lib/thumb/v7e-m/fpv4-sp/softfp\libg_nano.a(lib_a-mprec.o)
                0x10083f4e                _Bfree
 .text.__multadd
                0x10083f7c       0x76 c:/users/ntan/modustoolbox_1.0/tools/gcc-7.2.1-1.0/bin/../lib/gcc/arm-none-eabi/7.2.1/../../../../arm-none-eabi/lib/thumb/v7e-m/fpv4-sp/softfp\libg_nano.a(lib_a-mprec.o)
                0x10083f7c                __multadd
 .text.__hi0bits
                0x10083ff2       0x3e c:/users/ntan/modustoolbox_1.0/tools/gcc-7.2.1-1.0/bin/../lib/gcc/arm-none-eabi/7.2.1/../../../../arm-none-eabi/lib/thumb/v7e-m/fpv4-sp/softfp\libg_nano.a(lib_a-mprec.o)
                0x10083ff2                __hi0bits
 .text.__lo0bits
                0x10084030       0x5e c:/users/ntan/modustoolbox_1.0/tools/gcc-7.2.1-1.0/bin/../lib/gcc/arm-none-eabi/7.2.1/../../../../arm-none-eabi/lib/thumb/v7e-m/fpv4-sp/softfp\libg_nano.a(lib_a-mprec.o)
                0x10084030                __lo0bits
 .text.__i2b    0x1008408e       0x12 c:/users/ntan/modustoolbox_1.0/tools/gcc-7.2.1-1.0/bin/../lib/gcc/arm-none-eabi/7.2.1/../../../../arm-none-eabi/lib/thumb/v7e-m/fpv4-sp/softfp\libg_nano.a(lib_a-mprec.o)
                0x1008408e                __i2b
 .text.__multiply
                0x100840a0      0x12c c:/users/ntan/modustoolbox_1.0/tools/gcc-7.2.1-1.0/bin/../lib/gcc/arm-none-eabi/7.2.1/../../../../arm-none-eabi/lib/thumb/v7e-m/fpv4-sp/softfp\libg_nano.a(lib_a-mprec.o)
                0x100840a0                __multiply
 .text.__pow5mult
                0x100841cc       0x9c c:/users/ntan/modustoolbox_1.0/tools/gcc-7.2.1-1.0/bin/../lib/gcc/arm-none-eabi/7.2.1/../../../../arm-none-eabi/lib/thumb/v7e-m/fpv4-sp/softfp\libg_nano.a(lib_a-mprec.o)
                0x100841cc                __pow5mult
 .text.__lshift
                0x10084268       0xa8 c:/users/ntan/modustoolbox_1.0/tools/gcc-7.2.1-1.0/bin/../lib/gcc/arm-none-eabi/7.2.1/../../../../arm-none-eabi/lib/thumb/v7e-m/fpv4-sp/softfp\libg_nano.a(lib_a-mprec.o)
                0x10084268                __lshift
 .text.__mcmp   0x10084310       0x34 c:/users/ntan/modustoolbox_1.0/tools/gcc-7.2.1-1.0/bin/../lib/gcc/arm-none-eabi/7.2.1/../../../../arm-none-eabi/lib/thumb/v7e-m/fpv4-sp/softfp\libg_nano.a(lib_a-mprec.o)
                0x10084310                __mcmp
 .text.__mdiff  0x10084344       0xba c:/users/ntan/modustoolbox_1.0/tools/gcc-7.2.1-1.0/bin/../lib/gcc/arm-none-eabi/7.2.1/../../../../arm-none-eabi/lib/thumb/v7e-m/fpv4-sp/softfp\libg_nano.a(lib_a-mprec.o)
                0x10084344                __mdiff
 .text.__d2b    0x100843fe       0x9e c:/users/ntan/modustoolbox_1.0/tools/gcc-7.2.1-1.0/bin/../lib/gcc/arm-none-eabi/7.2.1/../../../../arm-none-eabi/lib/thumb/v7e-m/fpv4-sp/softfp\libg_nano.a(lib_a-mprec.o)
                0x100843fe                __d2b
 .text._calloc_r
                0x1008449c       0x1c c:/users/ntan/modustoolbox_1.0/tools/gcc-7.2.1-1.0/bin/../lib/gcc/arm-none-eabi/7.2.1/../../../../arm-none-eabi/lib/thumb/v7e-m/fpv4-sp/softfp\libg_nano.a(lib_a-nano-callocr.o)
                0x1008449c                _calloc_r
 .text._free_r  0x100844b8       0x9c c:/users/ntan/modustoolbox_1.0/tools/gcc-7.2.1-1.0/bin/../lib/gcc/arm-none-eabi/7.2.1/../../../../arm-none-eabi/lib/thumb/v7e-m/fpv4-sp/softfp\libg_nano.a(lib_a-nano-freer.o)
                0x100844b8                _free_r
 .text._malloc_r
                0x10084554       0xb4 c:/users/ntan/modustoolbox_1.0/tools/gcc-7.2.1-1.0/bin/../lib/gcc/arm-none-eabi/7.2.1/../../../../arm-none-eabi/lib/thumb/v7e-m/fpv4-sp/softfp\libg_nano.a(lib_a-nano-mallocr.o)
                0x10084554                _malloc_r
 .text.__sfputc_r
                0x10084608       0x2e c:/users/ntan/modustoolbox_1.0/tools/gcc-7.2.1-1.0/bin/../lib/gcc/arm-none-eabi/7.2.1/../../../../arm-none-eabi/lib/thumb/v7e-m/fpv4-sp/softfp\libg_nano.a(lib_a-nano-vfprintf.o)
 .text.__sfputs_r
                0x10084636       0x24 c:/users/ntan/modustoolbox_1.0/tools/gcc-7.2.1-1.0/bin/../lib/gcc/arm-none-eabi/7.2.1/../../../../arm-none-eabi/lib/thumb/v7e-m/fpv4-sp/softfp\libg_nano.a(lib_a-nano-vfprintf.o)
                0x10084636                __sfputs_r
 *fill*         0x1008465a        0x2 
 .text._vfprintf_r
                0x1008465c      0x228 c:/users/ntan/modustoolbox_1.0/tools/gcc-7.2.1-1.0/bin/../lib/gcc/arm-none-eabi/7.2.1/../../../../arm-none-eabi/lib/thumb/v7e-m/fpv4-sp/softfp\libg_nano.a(lib_a-nano-vfprintf.o)
                0x1008465c                _vfprintf_r
                0x1008465c                _vfiprintf_r
 .text._sbrk_r  0x10084884       0x20 c:/users/ntan/modustoolbox_1.0/tools/gcc-7.2.1-1.0/bin/../lib/gcc/arm-none-eabi/7.2.1/../../../../arm-none-eabi/lib/thumb/v7e-m/fpv4-sp/softfp\libg_nano.a(lib_a-sbrkr.o)
                0x10084884                _sbrk_r
 .text.__sread  0x100848a4       0x22 c:/users/ntan/modustoolbox_1.0/tools/gcc-7.2.1-1.0/bin/../lib/gcc/arm-none-eabi/7.2.1/../../../../arm-none-eabi/lib/thumb/v7e-m/fpv4-sp/softfp\libg_nano.a(lib_a-stdio.o)
                0x100848a4                __sread
 .text.__swrite
                0x100848c6       0x38 c:/users/ntan/modustoolbox_1.0/tools/gcc-7.2.1-1.0/bin/../lib/gcc/arm-none-eabi/7.2.1/../../../../arm-none-eabi/lib/thumb/v7e-m/fpv4-sp/softfp\libg_nano.a(lib_a-stdio.o)
                0x100848c6                __swrite
 .text.__sseek  0x100848fe       0x24 c:/users/ntan/modustoolbox_1.0/tools/gcc-7.2.1-1.0/bin/../lib/gcc/arm-none-eabi/7.2.1/../../../../arm-none-eabi/lib/thumb/v7e-m/fpv4-sp/softfp\libg_nano.a(lib_a-stdio.o)
                0x100848fe                __sseek
 .text.__sclose
                0x10084922        0x8 c:/users/ntan/modustoolbox_1.0/tools/gcc-7.2.1-1.0/bin/../lib/gcc/arm-none-eabi/7.2.1/../../../../arm-none-eabi/lib/thumb/v7e-m/fpv4-sp/softfp\libg_nano.a(lib_a-stdio.o)
                0x10084922                __sclose
 *fill*         0x1008492a        0x2 
 .text.__swbuf_r
                0x1008492c       0xa4 c:/users/ntan/modustoolbox_1.0/tools/gcc-7.2.1-1.0/bin/../lib/gcc/arm-none-eabi/7.2.1/../../../../arm-none-eabi/lib/thumb/v7e-m/fpv4-sp/softfp\libg_nano.a(lib_a-wbuf.o)
                0x1008492c                __swbuf_r
 .text.__ascii_wctomb
                0x100849d0       0x1a c:/users/ntan/modustoolbox_1.0/tools/gcc-7.2.1-1.0/bin/../lib/gcc/arm-none-eabi/7.2.1/../../../../arm-none-eabi/lib/thumb/v7e-m/fpv4-sp/softfp\libg_nano.a(lib_a-wctomb_r.o)
                0x100849d0                __ascii_wctomb
 *fill*         0x100849ea        0x2 
 .text._write_r
                0x100849ec       0x24 c:/users/ntan/modustoolbox_1.0/tools/gcc-7.2.1-1.0/bin/../lib/gcc/arm-none-eabi/7.2.1/../../../../arm-none-eabi/lib/thumb/v7e-m/fpv4-sp/softfp\libg_nano.a(lib_a-writer.o)
                0x100849ec                _write_r
 .text.__swsetup_r
                0x10084a10       0xdc c:/users/ntan/modustoolbox_1.0/tools/gcc-7.2.1-1.0/bin/../lib/gcc/arm-none-eabi/7.2.1/../../../../arm-none-eabi/lib/thumb/v7e-m/fpv4-sp/softfp\libg_nano.a(lib_a-wsetup.o)
                0x10084a10                __swsetup_r
 .text._close_r
                0x10084aec       0x20 c:/users/ntan/modustoolbox_1.0/tools/gcc-7.2.1-1.0/bin/../lib/gcc/arm-none-eabi/7.2.1/../../../../arm-none-eabi/lib/thumb/v7e-m/fpv4-sp/softfp\libg_nano.a(lib_a-closer.o)
                0x10084aec                _close_r
 .text.__sflush_r
                0x10084b0c      0x10c c:/users/ntan/modustoolbox_1.0/tools/gcc-7.2.1-1.0/bin/../lib/gcc/arm-none-eabi/7.2.1/../../../../arm-none-eabi/lib/thumb/v7e-m/fpv4-sp/softfp\libg_nano.a(lib_a-fflush.o)
                0x10084b0c                __sflush_r
 .text._fflush_r
                0x10084c18       0x54 c:/users/ntan/modustoolbox_1.0/tools/gcc-7.2.1-1.0/bin/../lib/gcc/arm-none-eabi/7.2.1/../../../../arm-none-eabi/lib/thumb/v7e-m/fpv4-sp/softfp\libg_nano.a(lib_a-fflush.o)
                0x10084c18                _fflush_r
 .text._lseek_r
                0x10084c6c       0x24 c:/users/ntan/modustoolbox_1.0/tools/gcc-7.2.1-1.0/bin/../lib/gcc/arm-none-eabi/7.2.1/../../../../arm-none-eabi/lib/thumb/v7e-m/fpv4-sp/softfp\libg_nano.a(lib_a-lseekr.o)
                0x10084c6c                _lseek_r
 .text.__swhatbuf_r
                0x10084c90       0x48 c:/users/ntan/modustoolbox_1.0/tools/gcc-7.2.1-1.0/bin/../lib/gcc/arm-none-eabi/7.2.1/../../../../arm-none-eabi/lib/thumb/v7e-m/fpv4-sp/softfp\libg_nano.a(lib_a-makebuf.o)
                0x10084c90                __swhatbuf_r
 .text.__smakebuf_r
                0x10084cd8       0x80 c:/users/ntan/modustoolbox_1.0/tools/gcc-7.2.1-1.0/bin/../lib/gcc/arm-none-eabi/7.2.1/../../../../arm-none-eabi/lib/thumb/v7e-m/fpv4-sp/softfp\libg_nano.a(lib_a-makebuf.o)
                0x10084cd8                __smakebuf_r
 .text.__malloc_lock
                0x10084d58        0x2 c:/users/ntan/modustoolbox_1.0/tools/gcc-7.2.1-1.0/bin/../lib/gcc/arm-none-eabi/7.2.1/../../../../arm-none-eabi/lib/thumb/v7e-m/fpv4-sp/softfp\libg_nano.a(lib_a-mlock.o)
                0x10084d58                __malloc_lock
 .text.__malloc_unlock
                0x10084d5a        0x2 c:/users/ntan/modustoolbox_1.0/tools/gcc-7.2.1-1.0/bin/../lib/gcc/arm-none-eabi/7.2.1/../../../../arm-none-eabi/lib/thumb/v7e-m/fpv4-sp/softfp\libg_nano.a(lib_a-mlock.o)
                0x10084d5a                __malloc_unlock
 .text._read_r  0x10084d5c       0x24 c:/users/ntan/modustoolbox_1.0/tools/gcc-7.2.1-1.0/bin/../lib/gcc/arm-none-eabi/7.2.1/../../../../arm-none-eabi/lib/thumb/v7e-m/fpv4-sp/softfp\libg_nano.a(lib_a-readr.o)
                0x10084d5c                _read_r
 .text._fstat_r
                0x10084d80       0x24 c:/users/ntan/modustoolbox_1.0/tools/gcc-7.2.1-1.0/bin/../lib/gcc/arm-none-eabi/7.2.1/../../../../arm-none-eabi/lib/thumb/v7e-m/fpv4-sp/softfp\libg_nano.a(lib_a-fstatr.o)
                0x10084d80                _fstat_r
 .text._isatty_r
                0x10084da4       0x20 c:/users/ntan/modustoolbox_1.0/tools/gcc-7.2.1-1.0/bin/../lib/gcc/arm-none-eabi/7.2.1/../../../../arm-none-eabi/lib/thumb/v7e-m/fpv4-sp/softfp\libg_nano.a(lib_a-isattyr.o)
                0x10084da4                _isatty_r
 .text          0x10084dc4      0x110 c:/users/ntan/modustoolbox_1.0/tools/gcc-7.2.1-1.0/bin/../lib/gcc/arm-none-eabi/7.2.1/thumb/v7e-m/fpv4-sp/softfp\libgcc.a(_arm_cmpdf2.o)
                0x10084dc4                __gtdf2
                0x10084dc4                __gedf2
                0x10084dcc                __ltdf2
                0x10084dcc                __ledf2
                0x10084dd4                __nedf2
                0x10084dd4                __eqdf2
                0x10084dd4                __cmpdf2
                0x10084e50                __aeabi_cdrcmple
                0x10084e60                __aeabi_cdcmpeq
                0x10084e60                __aeabi_cdcmple
                0x10084e70                __aeabi_dcmpeq
                0x10084e84                __aeabi_dcmplt
                0x10084e98                __aeabi_dcmple
                0x10084eac                __aeabi_dcmpge
                0x10084ec0                __aeabi_dcmpgt
 .text          0x10084ed4       0x2c c:/users/ntan/modustoolbox_1.0/tools/gcc-7.2.1-1.0/bin/../lib/gcc/arm-none-eabi/7.2.1/thumb/v7e-m/fpv4-sp/softfp\libgcc.a(_arm_unorddf2.o)
                0x10084ed4                __unorddf2
                0x10084ed4                __aeabi_dcmpun
 .text          0x10084f00       0x50 c:/users/ntan/modustoolbox_1.0/tools/gcc-7.2.1-1.0/bin/../lib/gcc/arm-none-eabi/7.2.1/thumb/v7e-m/fpv4-sp/softfp\libgcc.a(_arm_fixdfsi.o)
                0x10084f00                __aeabi_d2iz
                0x10084f00                __fixdfsi
 .text._close   0x10084f50       0x10 c:/users/ntan/modustoolbox_1.0/tools/gcc-7.2.1-1.0/bin/../lib/gcc/arm-none-eabi/7.2.1/../../../../arm-none-eabi/lib/thumb/v7e-m/fpv4-sp/softfp\libnosys.a(close.o)
                0x10084f50                _close
 .text._fstat   0x10084f60       0x10 c:/users/ntan/modustoolbox_1.0/tools/gcc-7.2.1-1.0/bin/../lib/gcc/arm-none-eabi/7.2.1/../../../../arm-none-eabi/lib/thumb/v7e-m/fpv4-sp/softfp\libnosys.a(fstat.o)
                0x10084f60                _fstat
 .text._isatty  0x10084f70       0x10 c:/users/ntan/modustoolbox_1.0/tools/gcc-7.2.1-1.0/bin/../lib/gcc/arm-none-eabi/7.2.1/../../../../arm-none-eabi/lib/thumb/v7e-m/fpv4-sp/softfp\libnosys.a(isatty.o)
                0x10084f70                _isatty
 .text._lseek   0x10084f80       0x10 c:/users/ntan/modustoolbox_1.0/tools/gcc-7.2.1-1.0/bin/../lib/gcc/arm-none-eabi/7.2.1/../../../../arm-none-eabi/lib/thumb/v7e-m/fpv4-sp/softfp\libnosys.a(lseek.o)
                0x10084f80                _lseek
 .text._sbrk    0x10084f90       0x1c c:/users/ntan/modustoolbox_1.0/tools/gcc-7.2.1-1.0/bin/../lib/gcc/arm-none-eabi/7.2.1/../../../../arm-none-eabi/lib/thumb/v7e-m/fpv4-sp/softfp\libnosys.a(sbrk.o)
                0x10084f90                _sbrk
 *(.init)
 .init          0x10084fac        0x4 c:/users/ntan/modustoolbox_1.0/tools/gcc-7.2.1-1.0/bin/../lib/gcc/arm-none-eabi/7.2.1/thumb/v7e-m/fpv4-sp/softfp/crti.o
                0x10084fac                _init
 .init          0x10084fb0        0x8 c:/users/ntan/modustoolbox_1.0/tools/gcc-7.2.1-1.0/bin/../lib/gcc/arm-none-eabi/7.2.1/thumb/v7e-m/fpv4-sp/softfp/crtn.o
 *(.fini)
 .fini          0x10084fb8        0x4 c:/users/ntan/modustoolbox_1.0/tools/gcc-7.2.1-1.0/bin/../lib/gcc/arm-none-eabi/7.2.1/thumb/v7e-m/fpv4-sp/softfp/crti.o
                0x10084fb8                _fini
 .fini          0x10084fbc        0x8 c:/users/ntan/modustoolbox_1.0/tools/gcc-7.2.1-1.0/bin/../lib/gcc/arm-none-eabi/7.2.1/thumb/v7e-m/fpv4-sp/softfp/crtn.o
 *crtbegin.o(.ctors)
 *crtbegin?.o(.ctors)
 *(EXCLUDE_FILE(*crtend.o *crtend?.o) .ctors)
 *(SORT_BY_NAME(.ctors.*))
 *(.ctors)
 *crtbegin.o(.dtors)
 *crtbegin?.o(.dtors)
 *(EXCLUDE_FILE(*crtend.o *crtend?.o) .dtors)
 *(SORT_BY_NAME(.dtors.*))
 *(.dtors)
 *(.rodata .rodata.* .constdata .constdata.* .conststring .conststring.*)
 .rodata.systemIpcPipeConfigCm4.12426
                0x10084fc4       0x34 ./psoc6sw-1.0/components/psoc6pdl/devices/psoc6/startup/system_psoc6_cm4.o
 .rodata.main.str1.4
                0x10084ff8        0xa ./Source/main.o
 *fill*         0x10085002        0x2 
 .rodata.CONSOLE_RX_config
                0x10085004       0x34 ./BlinkyLED_config/GeneratedSource/cycfg_pins.o
                0x10085004                CONSOLE_RX_config
 .rodata.CONSOLE_TX_config
                0x10085038       0x34 ./BlinkyLED_config/GeneratedSource/cycfg_pins.o
                0x10085038                CONSOLE_TX_config
 .rodata.LED_RED_config
                0x1008506c       0x34 ./BlinkyLED_config/GeneratedSource/cycfg_pins.o
                0x1008506c                LED_RED_config
 .rodata.ioss_0_port_0_pin_2_config
                0x100850a0       0x34 ./BlinkyLED_config/GeneratedSource/cycfg_pins.o
                0x100850a0                ioss_0_port_0_pin_2_config
 .rodata.ioss_0_port_6_pin_4_config
                0x100850d4       0x34 ./BlinkyLED_config/GeneratedSource/cycfg_pins.o
                0x100850d4                ioss_0_port_6_pin_4_config
 .rodata.ioss_0_port_6_pin_6_config
                0x10085108       0x34 ./BlinkyLED_config/GeneratedSource/cycfg_pins.o
                0x10085108                ioss_0_port_6_pin_6_config
 .rodata.ioss_0_port_6_pin_7_config
                0x1008513c       0x34 ./BlinkyLED_config/GeneratedSource/cycfg_pins.o
                0x1008513c                ioss_0_port_6_pin_7_config
 .rodata.init_cycfg_platform.str1.4
                0x10085170       0x65 ./BlinkyLED_config/GeneratedSource/cycfg_platform.o
 *fill*         0x100851d5        0x3 
 .rodata.srss_0_clock_0_fll_0_fllConfig
                0x100851d8       0x14 ./BlinkyLED_config/GeneratedSource/cycfg_platform.o
 .rodata.cy_deviceIpBlockCfgPSoC6_01
                0x100851ec       0xb8 C:/Users/ntan/git/BlinkyLED03/BlinkyLED_mainapp_psoc6pdl/Debug/libBlinkyLED_mainapp_psoc6pdl.a(cy_device.o)
                0x100851ec                cy_deviceIpBlockCfgPSoC6_01
 .rodata.Cy_Flash_OperationStatus.str1.4
                0x100852a4       0x66 C:/Users/ntan/git/BlinkyLED03/BlinkyLED_mainapp_psoc6pdl/Debug/libBlinkyLED_mainapp_psoc6pdl.a(cy_flash.o)
 *fill*         0x1008530a        0x2 
 .rodata.Cy_GPIO_Pin_Init.str1.4
                0x1008530c       0xc7 C:/Users/ntan/git/BlinkyLED03/BlinkyLED_mainapp_psoc6pdl/Debug/libBlinkyLED_mainapp_psoc6pdl.a(cy_gpio.o)
 .rodata.Cy_IPC_Drv_LockRelease.str1.4
                0x100853d3       0x66 C:/Users/ntan/git/BlinkyLED03/BlinkyLED_mainapp_psoc6pdl/Debug/libBlinkyLED_mainapp_psoc6pdl.a(cy_ipc_drv.o)
 *fill*         0x100853d3        0x1 
 .rodata.Cy_IPC_Drv_ReadMsgWord.str1.4
                0x100853d4       0x65 C:/Users/ntan/git/BlinkyLED03/BlinkyLED_mainapp_psoc6pdl/Debug/libBlinkyLED_mainapp_psoc6pdl.a(cy_ipc_drv.o)
 *fill*         0x10085439        0x3 
 .rodata.Cy_IPC_Pipe_EndpointInit.str1.4
                0x1008543c       0x66 C:/Users/ntan/git/BlinkyLED03/BlinkyLED_mainapp_psoc6pdl/Debug/libBlinkyLED_mainapp_psoc6pdl.a(cy_ipc_pipe.o)
                                 0xce (size before relaxing)
 .rodata.Cy_IPC_Sema_InitExt.str1.4
                0x100854a2       0x66 C:/Users/ntan/git/BlinkyLED03/BlinkyLED_mainapp_psoc6pdl/Debug/libBlinkyLED_mainapp_psoc6pdl.a(cy_ipc_sema.o)
 *fill*         0x100854a2        0x2 
 .rodata.Cy_SysClk_ClkPathGetSource.str1.4
                0x100854a4       0x64 C:/Users/ntan/git/BlinkyLED03/BlinkyLED_mainapp_psoc6pdl/Debug/libBlinkyLED_mainapp_psoc6pdl.a(cy_sysclk.o)
 .rodata.Cy_SysInt_SetVector.str1.4
                0x10085508       0x64 C:/Users/ntan/git/BlinkyLED03/BlinkyLED_mainapp_psoc6pdl/Debug/libBlinkyLED_mainapp_psoc6pdl.a(cy_sysint.o)
 .rodata.Cy_SysPm_SetHibernateWakeupSource.str1.4
                0x1008556c       0x63 C:/Users/ntan/git/BlinkyLED03/BlinkyLED_mainapp_psoc6pdl/Debug/libBlinkyLED_mainapp_psoc6pdl.a(cy_syspm.o)
 .rodata.Cy_SysPm_WriteVoltageBitForFlash.str1.4
                0x100855cf       0x66 C:/Users/ntan/git/BlinkyLED03/BlinkyLED_mainapp_psoc6pdl/Debug/libBlinkyLED_mainapp_psoc6pdl.a(cy_syspm.o)
 *fill*         0x100855cf        0x1 
 .rodata.Cy_Prot_ConfigBusMaster.str1.4
                0x100855d0       0x64 C:/Users/ntan/git/BlinkyLED03/BlinkyLED_mainapp_psoc6pdl/Debug/libBlinkyLED_mainapp_psoc6pdl.a(cy_prot.o)
                                 0x62 (size before relaxing)
 .rodata._global_impure_ptr
                0x10085634        0x4 c:/users/ntan/modustoolbox_1.0/tools/gcc-7.2.1-1.0/bin/../lib/gcc/arm-none-eabi/7.2.1/../../../../arm-none-eabi/lib/thumb/v7e-m/fpv4-sp/softfp\libg_nano.a(lib_a-impure.o)
                0x10085634                _global_impure_ptr
 .rodata._printf_float.str1.1
                0x10085638       0x12 c:/users/ntan/modustoolbox_1.0/tools/gcc-7.2.1-1.0/bin/../lib/gcc/arm-none-eabi/7.2.1/../../../../arm-none-eabi/lib/thumb/v7e-m/fpv4-sp/softfp\libg_nano.a(lib_a-nano-vfprintf_float.o)
 .rodata._printf_i.str1.1
                0x1008564a       0x22 c:/users/ntan/modustoolbox_1.0/tools/gcc-7.2.1-1.0/bin/../lib/gcc/arm-none-eabi/7.2.1/../../../../arm-none-eabi/lib/thumb/v7e-m/fpv4-sp/softfp\libg_nano.a(lib_a-nano-vfprintf_i.o)
 .rodata._dtoa_r.str1.1
                0x1008566c        0xd c:/users/ntan/modustoolbox_1.0/tools/gcc-7.2.1-1.0/bin/../lib/gcc/arm-none-eabi/7.2.1/../../../../arm-none-eabi/lib/thumb/v7e-m/fpv4-sp/softfp\libg_nano.a(lib_a-dtoa.o)
                                  0xf (size before relaxing)
 *fill*         0x10085679        0x3 
 .rodata.__sf_fake_stderr
                0x1008567c       0x20 c:/users/ntan/modustoolbox_1.0/tools/gcc-7.2.1-1.0/bin/../lib/gcc/arm-none-eabi/7.2.1/../../../../arm-none-eabi/lib/thumb/v7e-m/fpv4-sp/softfp\libg_nano.a(lib_a-findfp.o)
                0x1008567c                __sf_fake_stderr
 .rodata.__sf_fake_stdin
                0x1008569c       0x20 c:/users/ntan/modustoolbox_1.0/tools/gcc-7.2.1-1.0/bin/../lib/gcc/arm-none-eabi/7.2.1/../../../../arm-none-eabi/lib/thumb/v7e-m/fpv4-sp/softfp\libg_nano.a(lib_a-findfp.o)
                0x1008569c                __sf_fake_stdin
 .rodata.__sf_fake_stdout
                0x100856bc       0x20 c:/users/ntan/modustoolbox_1.0/tools/gcc-7.2.1-1.0/bin/../lib/gcc/arm-none-eabi/7.2.1/../../../../arm-none-eabi/lib/thumb/v7e-m/fpv4-sp/softfp\libg_nano.a(lib_a-findfp.o)
                0x100856bc                __sf_fake_stdout
 .rodata._setlocale_r.str1.1
                0x100856dc        0x8 c:/users/ntan/modustoolbox_1.0/tools/gcc-7.2.1-1.0/bin/../lib/gcc/arm-none-eabi/7.2.1/../../../../arm-none-eabi/lib/thumb/v7e-m/fpv4-sp/softfp\libg_nano.a(lib_a-locale.o)
                                  0x9 (size before relaxing)
 .rodata.str1.1
                0x100856e4        0x2 c:/users/ntan/modustoolbox_1.0/tools/gcc-7.2.1-1.0/bin/../lib/gcc/arm-none-eabi/7.2.1/../../../../arm-none-eabi/lib/thumb/v7e-m/fpv4-sp/softfp\libg_nano.a(lib_a-locale.o)
 *fill*         0x100856e6        0x2 
 .rodata.__mprec_bigtens
                0x100856e8       0x28 c:/users/ntan/modustoolbox_1.0/tools/gcc-7.2.1-1.0/bin/../lib/gcc/arm-none-eabi/7.2.1/../../../../arm-none-eabi/lib/thumb/v7e-m/fpv4-sp/softfp\libg_nano.a(lib_a-mprec.o)
                0x100856e8                __mprec_bigtens
 .rodata.__mprec_tens
                0x10085710       0xc8 c:/users/ntan/modustoolbox_1.0/tools/gcc-7.2.1-1.0/bin/../lib/gcc/arm-none-eabi/7.2.1/../../../../arm-none-eabi/lib/thumb/v7e-m/fpv4-sp/softfp\libg_nano.a(lib_a-mprec.o)
                0x10085710                __mprec_tens
 .rodata.p05.7359
                0x100857d8        0xc c:/users/ntan/modustoolbox_1.0/tools/gcc-7.2.1-1.0/bin/../lib/gcc/arm-none-eabi/7.2.1/../../../../arm-none-eabi/lib/thumb/v7e-m/fpv4-sp/softfp\libg_nano.a(lib_a-mprec.o)
 .rodata._vfprintf_r.str1.1
                0x100857e4       0x11 c:/users/ntan/modustoolbox_1.0/tools/gcc-7.2.1-1.0/bin/../lib/gcc/arm-none-eabi/7.2.1/../../../../arm-none-eabi/lib/thumb/v7e-m/fpv4-sp/softfp\libg_nano.a(lib_a-nano-vfprintf.o)
 .rodata._ctype_
                0x100857f5      0x101 c:/users/ntan/modustoolbox_1.0/tools/gcc-7.2.1-1.0/bin/../lib/gcc/arm-none-eabi/7.2.1/../../../../arm-none-eabi/lib/thumb/v7e-m/fpv4-sp/softfp\libg_nano.a(lib_a-ctype_.o)
                0x100857f5                _ctype_
 *(.eh_frame*)
 *fill*         0x100858f6        0x2 
 .eh_frame      0x100858f8        0x0 c:/users/ntan/modustoolbox_1.0/tools/gcc-7.2.1-1.0/bin/../lib/gcc/arm-none-eabi/7.2.1/thumb/v7e-m/fpv4-sp/softfp/crtbegin.o
 .eh_frame      0x100858f8        0x4 c:/users/ntan/modustoolbox_1.0/tools/gcc-7.2.1-1.0/bin/../lib/gcc/arm-none-eabi/7.2.1/thumb/v7e-m/fpv4-sp/softfp/crtend.o

.glue_7         0x100858fc        0x0
 .glue_7        0x100858fc        0x0 linker stubs

.glue_7t        0x100858fc        0x0
 .glue_7t       0x100858fc        0x0 linker stubs

.vfp11_veneer   0x100858fc        0x0
 .vfp11_veneer  0x100858fc        0x0 linker stubs

.v4_bx          0x100858fc        0x0
 .v4_bx         0x100858fc        0x0 linker stubs

.iplt           0x100858fc        0x0
 .iplt          0x100858fc        0x0 c:/users/ntan/modustoolbox_1.0/tools/gcc-7.2.1-1.0/bin/../lib/gcc/arm-none-eabi/7.2.1/thumb/v7e-m/fpv4-sp/softfp/crtbegin.o

.rel.dyn        0x100858fc        0x0
 .rel.iplt      0x100858fc        0x0 c:/users/ntan/modustoolbox_1.0/tools/gcc-7.2.1-1.0/bin/../lib/gcc/arm-none-eabi/7.2.1/thumb/v7e-m/fpv4-sp/softfp/crtbegin.o

.ARM.extab
 *(.ARM.extab* .gnu.linkonce.armextab.*)
                0x100858fc                __exidx_start = .

.ARM.exidx
 *(.ARM.exidx* .gnu.linkonce.armexidx.*)
                0x100858fc                __exidx_end = .

.copy.table     0x100858fc       0x18
                0x100858fc                . = ALIGN (0x4)
                0x100858fc                __copy_table_start__ = .
                0x100858fc        0x4 LONG 0x10080000 __Vectors
                0x10085900        0x4 LONG 0x8024000 __ram_vectors_start__
                0x10085904        0x4 LONG 0x28c (__Vectors_End - __Vectors)
                0x10085908        0x4 LONG 0x1008591c __etext
                0x1008590c        0x4 LONG 0x802428c __data_start__
                0x10085910        0x4 LONG 0x744 (__data_end__ - __data_start__)
                0x10085914                __copy_table_end__ = .

.zero.table     0x10085914        0x8
                0x10085914                . = ALIGN (0x4)
                0x10085914                __zero_table_start__ = .
                0x10085914        0x4 LONG 0x8024a64 __bss_start__
                0x10085918        0x4 LONG 0x1dc (__bss_end__ - __bss_start__)
                0x1008591c                __zero_table_end__ = .
                0x1008591c                __etext = .

.ramVectors     0x08024000      0x28c
                0x08024000                __ram_vectors_start__ = .
 *(.ram_vectors)
 .ram_vectors   0x08024000      0x28c ./psoc6sw-1.0/components/psoc6pdl/devices/psoc6/startup/gcc/startup_psoc6_01_cm4.o
                0x08024000                __ramVectors
                0x0802428c                __ram_vectors_end__ = .

.data           0x0802428c      0x744 load address 0x1008591c
                0x0802428c                __data_start__ = .
 *(vtable)
 *(.data*)
 .data.SystemCoreClock
                0x0802428c        0x4 ./psoc6sw-1.0/components/psoc6pdl/devices/psoc6/startup/system_psoc6_cm4.o
                0x0802428c                SystemCoreClock
 .data.cy_BleEcoClockFreqHz
                0x08024290        0x4 ./psoc6sw-1.0/components/psoc6pdl/devices/psoc6/startup/system_psoc6_cm4.o
                0x08024290                cy_BleEcoClockFreqHz
 .data.cy_Hfclk0FreqHz
                0x08024294        0x4 ./psoc6sw-1.0/components/psoc6pdl/devices/psoc6/startup/system_psoc6_cm4.o
                0x08024294                cy_Hfclk0FreqHz
 .data.cy_PeriClkFreqHz
                0x08024298        0x4 ./psoc6sw-1.0/components/psoc6pdl/devices/psoc6/startup/system_psoc6_cm4.o
                0x08024298                cy_PeriClkFreqHz
 .data.cy_delay32kMs
                0x0802429c        0x4 ./psoc6sw-1.0/components/psoc6pdl/devices/psoc6/startup/system_psoc6_cm4.o
                0x0802429c                cy_delay32kMs
 .data.cy_delayFreqHz
                0x080242a0        0x4 ./psoc6sw-1.0/components/psoc6pdl/devices/psoc6/startup/system_psoc6_cm4.o
                0x080242a0                cy_delayFreqHz
 .data.cy_delayFreqKhz
                0x080242a4        0x4 ./psoc6sw-1.0/components/psoc6pdl/devices/psoc6/startup/system_psoc6_cm4.o
                0x080242a4                cy_delayFreqKhz
 .data.cy_delayFreqMhz
                0x080242a8        0x1 ./psoc6sw-1.0/components/psoc6pdl/devices/psoc6/startup/system_psoc6_cm4.o
                0x080242a8                cy_delayFreqMhz
 *fill*         0x080242a9        0x3 
 .data._impure_ptr
                0x080242ac        0x4 c:/users/ntan/modustoolbox_1.0/tools/gcc-7.2.1-1.0/bin/../lib/gcc/arm-none-eabi/7.2.1/../../../../arm-none-eabi/lib/thumb/v7e-m/fpv4-sp/softfp\libg_nano.a(lib_a-impure.o)
                0x080242ac                _impure_ptr
 .data.impure_data
                0x080242b0       0x60 c:/users/ntan/modustoolbox_1.0/tools/gcc-7.2.1-1.0/bin/../lib/gcc/arm-none-eabi/7.2.1/../../../../arm-none-eabi/lib/thumb/v7e-m/fpv4-sp/softfp\libg_nano.a(lib_a-impure.o)
 .data.__global_locale
                0x08024310      0x16c c:/users/ntan/modustoolbox_1.0/tools/gcc-7.2.1-1.0/bin/../lib/gcc/arm-none-eabi/7.2.1/../../../../arm-none-eabi/lib/thumb/v7e-m/fpv4-sp/softfp\libg_nano.a(lib_a-locale.o)
                0x08024310                __global_locale
                0x0802447c                . = ALIGN (0x4)
                0x0802447c                PROVIDE (__preinit_array_start, .)
 *(.preinit_array)
                0x0802447c                PROVIDE (__preinit_array_end, .)
                0x0802447c                . = ALIGN (0x4)
                0x0802447c                PROVIDE (__init_array_start, .)
 *(SORT_BY_NAME(.init_array.*))
 *(.init_array)
 .init_array    0x0802447c        0x4 c:/users/ntan/modustoolbox_1.0/tools/gcc-7.2.1-1.0/bin/../lib/gcc/arm-none-eabi/7.2.1/thumb/v7e-m/fpv4-sp/softfp/crtbegin.o
                0x08024480                PROVIDE (__init_array_end, .)
                0x08024480                . = ALIGN (0x4)
                [!provide]                PROVIDE (__fini_array_start, .)
 *(SORT_BY_NAME(.fini_array.*))
 *(.fini_array)
 .fini_array    0x08024480        0x4 c:/users/ntan/modustoolbox_1.0/tools/gcc-7.2.1-1.0/bin/../lib/gcc/arm-none-eabi/7.2.1/thumb/v7e-m/fpv4-sp/softfp/crtbegin.o
                [!provide]                PROVIDE (__fini_array_end, .)
 *(.jcr*)
                0x08024484                . = ALIGN (0x4)
 *(.cy_ramfunc*)
 .cy_ramfunc    0x08024484      0x300 C:/Users/ntan/git/BlinkyLED03/BlinkyLED_mainapp_psoc6pdl/Debug/libBlinkyLED_mainapp_psoc6pdl.a(cy_flash.o)
                0x080244f0                Cy_Flash_ResumeIrqHandler
 .cy_ramfunc    0x08024784      0x20c C:/Users/ntan/git/BlinkyLED03/BlinkyLED_mainapp_psoc6pdl/Debug/libBlinkyLED_mainapp_psoc6pdl.a(cy_syspm.o)
 .cy_ramfunc.__stub
                0x08024990       0x40 linker stubs
                0x080249d0                . = ALIGN (0x4)
                0x080249d0                __data_end__ = .

.igot.plt       0x080249d0        0x0 load address 0x10086060
 .igot.plt      0x080249d0        0x0 c:/users/ntan/modustoolbox_1.0/tools/gcc-7.2.1-1.0/bin/../lib/gcc/arm-none-eabi/7.2.1/thumb/v7e-m/fpv4-sp/softfp/crtbegin.o

.noinit         0x080249d0       0x94 load address 0x10086060
 *(.noinit)
 .noinit        0x080249d0       0x94 C:/Users/ntan/git/BlinkyLED03/BlinkyLED_mainapp_psoc6pdl/Debug/libBlinkyLED_mainapp_psoc6pdl.a(cy_syslib.o)
                0x080249d0                cy_assertFileName
                0x080249e8                cy_assertLine
                0x080249ec                cy_faultFrame

.bss            0x08024a64      0x1dc load address 0x100860f4
                0x08024a64                . = ALIGN (0x4)
                0x08024a64                __bss_start__ = .
 *(.bss*)
 .bss           0x08024a64       0x1c c:/users/ntan/modustoolbox_1.0/tools/gcc-7.2.1-1.0/bin/../lib/gcc/arm-none-eabi/7.2.1/thumb/v7e-m/fpv4-sp/softfp/crtbegin.o
 .bss.systemIpcPipeEpArray.12424
                0x08024a80      0x160 ./psoc6sw-1.0/components/psoc6pdl/devices/psoc6/startup/system_psoc6_cm4.o
 .bss.systemIpcPipeSysCbArray.12425
                0x08024be0       0x20 ./psoc6sw-1.0/components/psoc6pdl/devices/psoc6/startup/system_psoc6_cm4.o
 .bss.flashContext
                0x08024c00       0x10 C:/Users/ntan/git/BlinkyLED03/BlinkyLED_mainapp_psoc6pdl/Debug/libBlinkyLED_mainapp_psoc6pdl.a(cy_flash.o)
 .bss.ipcWaitMessage
                0x08024c10        0x4 C:/Users/ntan/git/BlinkyLED03/BlinkyLED_mainapp_psoc6pdl/Debug/libBlinkyLED_mainapp_psoc6pdl.a(cy_flash.o)
 .bss.ipcWaitMessageStc.13321
                0x08024c14        0x4 C:/Users/ntan/git/BlinkyLED03/BlinkyLED_mainapp_psoc6pdl/Debug/libBlinkyLED_mainapp_psoc6pdl.a(cy_flash.o)
 .bss.cy_ipc_pipe_epArray
                0x08024c18        0x4 C:/Users/ntan/git/BlinkyLED03/BlinkyLED_mainapp_psoc6pdl/Debug/libBlinkyLED_mainapp_psoc6pdl.a(cy_ipc_pipe.o)
 .bss.cy_semaData.12548
                0x08024c1c        0x8 C:/Users/ntan/git/BlinkyLED03/BlinkyLED_mainapp_psoc6pdl/Debug/libBlinkyLED_mainapp_psoc6pdl.a(cy_ipc_sema.o)
 .bss.cy_semaIpcStruct
                0x08024c24        0x4 C:/Users/ntan/git/BlinkyLED03/BlinkyLED_mainapp_psoc6pdl/Debug/libBlinkyLED_mainapp_psoc6pdl.a(cy_ipc_sema.o)
 .bss.wasEventSent
                0x08024c28        0x1 C:/Users/ntan/git/BlinkyLED03/BlinkyLED_mainapp_psoc6pdl/Debug/libBlinkyLED_mainapp_psoc6pdl.a(cy_syspm.o)
 *fill*         0x08024c29        0x3 
 .bss.__malloc_free_list
                0x08024c2c        0x4 c:/users/ntan/modustoolbox_1.0/tools/gcc-7.2.1-1.0/bin/../lib/gcc/arm-none-eabi/7.2.1/../../../../arm-none-eabi/lib/thumb/v7e-m/fpv4-sp/softfp\libg_nano.a(lib_a-nano-mallocr.o)
                0x08024c2c                __malloc_free_list
 .bss.__malloc_sbrk_start
                0x08024c30        0x4 c:/users/ntan/modustoolbox_1.0/tools/gcc-7.2.1-1.0/bin/../lib/gcc/arm-none-eabi/7.2.1/../../../../arm-none-eabi/lib/thumb/v7e-m/fpv4-sp/softfp\libg_nano.a(lib_a-nano-mallocr.o)
                0x08024c30                __malloc_sbrk_start
 .bss.heap_end.5377
                0x08024c34        0x4 c:/users/ntan/modustoolbox_1.0/tools/gcc-7.2.1-1.0/bin/../lib/gcc/arm-none-eabi/7.2.1/../../../../arm-none-eabi/lib/thumb/v7e-m/fpv4-sp/softfp\libnosys.a(sbrk.o)
 *(COMMON)
 COMMON         0x08024c38        0x4 C:/Users/ntan/git/BlinkyLED03/BlinkyLED_mainapp_psoc6pdl/Debug/libBlinkyLED_mainapp_psoc6pdl.a(cy_device.o)
                0x08024c38                cy_device
 COMMON         0x08024c3c        0x4 c:/users/ntan/modustoolbox_1.0/tools/gcc-7.2.1-1.0/bin/../lib/gcc/arm-none-eabi/7.2.1/../../../../arm-none-eabi/lib/thumb/v7e-m/fpv4-sp/softfp\libg_nano.a(lib_a-reent.o)
                0x08024c3c                errno
                0x08024c40                . = ALIGN (0x4)
                0x08024c40                __bss_end__ = .

.heap           0x08024c40      0x400
                0x08024c40                __HeapBase = .
                0x08024c40                __end__ = .
                0x08024c40                end = __end__
 *(.heap*)
 .heap          0x08024c40      0x400 ./psoc6sw-1.0/components/psoc6pdl/devices/psoc6/startup/gcc/startup_psoc6_01_cm4.o
                0x08025040                __HeapLimit = .

.stack_dummy    0x08024c40     0x1000
 *(.stack*)
 .stack         0x08024c40     0x1000 ./psoc6sw-1.0/components/psoc6pdl/devices/psoc6/startup/gcc/startup_psoc6_01_cm4.o
                0x08047800                __StackTop = (ORIGIN (ram) + LENGTH (ram))
                0x08046800                __StackLimit = (__StackTop - SIZEOF (.stack_dummy))
                0x08047800                PROVIDE (__stack, __StackTop)
                0x00000001                ASSERT ((__StackLimit >= __HeapLimit), region RAM overflowed with stack)

.cy_app_signature
 *(.cy_app_signature)

.cy_em_eeprom
 *(.cy_em_eeprom)

.cy_sflash_user_data
 *(.cy_sflash_user_data)

.cy_sflash_nar
 *(.cy_sflash_nar)

.cy_sflash_public_key
 *(.cy_sflash_public_key)

.cy_toc_part2
 *(.cy_toc_part2)

.cy_rtoc_part2
 *(.cy_rtoc_part2)

.cy_xip
 *(.cy_xip)

.cy_efuse
 *(.cy_efuse)

.cymeta
 *(.cymeta)
                0x10000000                __cy_memory_0_start = 0x10000000
                0x00100000                __cy_memory_0_length = 0x100000
                0x00000200                __cy_memory_0_row_size = 0x200
                0x14000000                __cy_memory_1_start = 0x14000000
                0x00008000                __cy_memory_1_length = 0x8000
                0x00000200                __cy_memory_1_row_size = 0x200
                0x16000000                __cy_memory_2_start = 0x16000000
                0x00008000                __cy_memory_2_length = 0x8000
                0x00000200                __cy_memory_2_row_size = 0x200
                0x18000000                __cy_memory_3_start = 0x18000000
                0x08000000                __cy_memory_3_length = 0x8000000
                0x00000200                __cy_memory_3_row_size = 0x200
                0x90700000                __cy_memory_4_start = 0x90700000
                0x00100000                __cy_memory_4_length = 0x100000
                0x00000001                __cy_memory_4_row_size = 0x1
OUTPUT(BlinkyLED_mainapp.elf elf32-littlearm)

.ARM.attributes
                0x00000000       0x2e
 .ARM.attributes
                0x00000000       0x22 c:/users/ntan/modustoolbox_1.0/tools/gcc-7.2.1-1.0/bin/../lib/gcc/arm-none-eabi/7.2.1/thumb/v7e-m/fpv4-sp/softfp/crti.o
 .ARM.attributes
                0x00000022       0x32 c:/users/ntan/modustoolbox_1.0/tools/gcc-7.2.1-1.0/bin/../lib/gcc/arm-none-eabi/7.2.1/thumb/v7e-m/fpv4-sp/softfp/crtbegin.o
 .ARM.attributes
                0x00000054       0x37 ./psoc6sw-1.0/components/psoc6pdl/utilities/retarget_io/retarget.o
 .ARM.attributes
                0x0000008b       0x1f ./psoc6sw-1.0/components/psoc6pdl/devices/psoc6/startup/gcc/startup_psoc6_01_cm4.o
 .ARM.attributes
                0x000000aa       0x37 ./psoc6sw-1.0/components/psoc6pdl/devices/psoc6/startup/system_psoc6_cm4.o
 .ARM.attributes
                0x000000e1       0x37 ./Source/main.o
 .ARM.attributes
                0x00000118       0x37 ./Source/stdio_user.o
 .ARM.attributes
                0x0000014f       0x37 ./BlinkyLED_config/GeneratedSource/cycfg.o
 .ARM.attributes
                0x00000186       0x37 ./BlinkyLED_config/GeneratedSource/cycfg_clocks.o
 .ARM.attributes
                0x000001bd       0x37 ./BlinkyLED_config/GeneratedSource/cycfg_connectivity.o
 .ARM.attributes
                0x000001f4       0x37 ./BlinkyLED_config/GeneratedSource/cycfg_peripherals.o
 .ARM.attributes
                0x0000022b       0x37 ./BlinkyLED_config/GeneratedSource/cycfg_pins.o
 .ARM.attributes
                0x00000262       0x37 ./BlinkyLED_config/GeneratedSource/cycfg_platform.o
 .ARM.attributes
                0x00000299       0x25 C:/Users/ntan/git/BlinkyLED03/BlinkyLED_mainapp_psoc6pdl/Debug/libBlinkyLED_mainapp_psoc6pdl.a(cy_syslib_gcc.o)
 .ARM.attributes
                0x000002be       0x37 C:/Users/ntan/git/BlinkyLED03/BlinkyLED_mainapp_psoc6pdl/Debug/libBlinkyLED_mainapp_psoc6pdl.a(cy_device.o)
 .ARM.attributes
                0x000002f5       0x37 C:/Users/ntan/git/BlinkyLED03/BlinkyLED_mainapp_psoc6pdl/Debug/libBlinkyLED_mainapp_psoc6pdl.a(cy_flash.o)
 .ARM.attributes
                0x0000032c       0x37 C:/Users/ntan/git/BlinkyLED03/BlinkyLED_mainapp_psoc6pdl/Debug/libBlinkyLED_mainapp_psoc6pdl.a(cy_gpio.o)
 .ARM.attributes
                0x00000363       0x37 C:/Users/ntan/git/BlinkyLED03/BlinkyLED_mainapp_psoc6pdl/Debug/libBlinkyLED_mainapp_psoc6pdl.a(cy_ipc_drv.o)
 .ARM.attributes
                0x0000039a       0x37 C:/Users/ntan/git/BlinkyLED03/BlinkyLED_mainapp_psoc6pdl/Debug/libBlinkyLED_mainapp_psoc6pdl.a(cy_ipc_pipe.o)
 .ARM.attributes
                0x000003d1       0x37 C:/Users/ntan/git/BlinkyLED03/BlinkyLED_mainapp_psoc6pdl/Debug/libBlinkyLED_mainapp_psoc6pdl.a(cy_ipc_sema.o)
 .ARM.attributes
                0x00000408       0x37 C:/Users/ntan/git/BlinkyLED03/BlinkyLED_mainapp_psoc6pdl/Debug/libBlinkyLED_mainapp_psoc6pdl.a(cy_scb_common.o)
 .ARM.attributes
                0x0000043f       0x37 C:/Users/ntan/git/BlinkyLED03/BlinkyLED_mainapp_psoc6pdl/Debug/libBlinkyLED_mainapp_psoc6pdl.a(cy_sysclk.o)
 .ARM.attributes
                0x00000476       0x37 C:/Users/ntan/git/BlinkyLED03/BlinkyLED_mainapp_psoc6pdl/Debug/libBlinkyLED_mainapp_psoc6pdl.a(cy_sysint.o)
 .ARM.attributes
                0x000004ad       0x37 C:/Users/ntan/git/BlinkyLED03/BlinkyLED_mainapp_psoc6pdl/Debug/libBlinkyLED_mainapp_psoc6pdl.a(cy_syslib.o)
 .ARM.attributes
                0x000004e4       0x37 C:/Users/ntan/git/BlinkyLED03/BlinkyLED_mainapp_psoc6pdl/Debug/libBlinkyLED_mainapp_psoc6pdl.a(cy_syspm.o)
 .ARM.attributes
                0x0000051b       0x37 C:/Users/ntan/git/BlinkyLED03/BlinkyLED_mainapp_psoc6pdl/Debug/libBlinkyLED_mainapp_psoc6pdl.a(cy_prot.o)
 .ARM.attributes
                0x00000552       0x22 c:/users/ntan/modustoolbox_1.0/tools/gcc-7.2.1-1.0/bin/../lib/gcc/arm-none-eabi/7.2.1/thumb/v7e-m/fpv4-sp/softfp\libgcc.a(_arm_addsubdf3.o)
 .ARM.attributes
                0x00000574       0x22 c:/users/ntan/modustoolbox_1.0/tools/gcc-7.2.1-1.0/bin/../lib/gcc/arm-none-eabi/7.2.1/thumb/v7e-m/fpv4-sp/softfp\libgcc.a(_arm_muldivdf3.o)
 .ARM.attributes
                0x00000596       0x32 c:/users/ntan/modustoolbox_1.0/tools/gcc-7.2.1-1.0/bin/../lib/gcc/arm-none-eabi/7.2.1/../../../../arm-none-eabi/lib/thumb/v7e-m/fpv4-sp/softfp\libg_nano.a(lib_a-impure.o)
 .ARM.attributes
                0x000005c8       0x32 c:/users/ntan/modustoolbox_1.0/tools/gcc-7.2.1-1.0/bin/../lib/gcc/arm-none-eabi/7.2.1/../../../../arm-none-eabi/lib/thumb/v7e-m/fpv4-sp/softfp\libg_nano.a(lib_a-memset.o)
 .ARM.attributes
                0x000005fa       0x32 c:/users/ntan/modustoolbox_1.0/tools/gcc-7.2.1-1.0/bin/../lib/gcc/arm-none-eabi/7.2.1/../../../../arm-none-eabi/lib/thumb/v7e-m/fpv4-sp/softfp\libg_nano.a(lib_a-nano-vfprintf_float.o)
 .ARM.attributes
                0x0000062c       0x32 c:/users/ntan/modustoolbox_1.0/tools/gcc-7.2.1-1.0/bin/../lib/gcc/arm-none-eabi/7.2.1/../../../../arm-none-eabi/lib/thumb/v7e-m/fpv4-sp/softfp\libg_nano.a(lib_a-nano-vfprintf_i.o)
 .ARM.attributes
                0x0000065e       0x32 c:/users/ntan/modustoolbox_1.0/tools/gcc-7.2.1-1.0/bin/../lib/gcc/arm-none-eabi/7.2.1/../../../../arm-none-eabi/lib/thumb/v7e-m/fpv4-sp/softfp\libg_nano.a(lib_a-printf.o)
 .ARM.attributes
                0x00000690       0x1b c:/users/ntan/modustoolbox_1.0/tools/gcc-7.2.1-1.0/bin/../lib/gcc/arm-none-eabi/7.2.1/../../../../arm-none-eabi/lib/thumb/v7e-m/fpv4-sp/softfp\libg_nano.a(lib_a-strlen.o)
 .ARM.attributes
                0x000006ab       0x32 c:/users/ntan/modustoolbox_1.0/tools/gcc-7.2.1-1.0/bin/../lib/gcc/arm-none-eabi/7.2.1/../../../../arm-none-eabi/lib/thumb/v7e-m/fpv4-sp/softfp\libg_nano.a(lib_a-strncpy.o)
 .ARM.attributes
                0x000006dd       0x32 c:/users/ntan/modustoolbox_1.0/tools/gcc-7.2.1-1.0/bin/../lib/gcc/arm-none-eabi/7.2.1/../../../../arm-none-eabi/lib/thumb/v7e-m/fpv4-sp/softfp\libg_nano.a(lib_a-dtoa.o)
 .ARM.attributes
                0x0000070f       0x32 c:/users/ntan/modustoolbox_1.0/tools/gcc-7.2.1-1.0/bin/../lib/gcc/arm-none-eabi/7.2.1/../../../../arm-none-eabi/lib/thumb/v7e-m/fpv4-sp/softfp\libg_nano.a(lib_a-findfp.o)
 .ARM.attributes
                0x00000741       0x32 c:/users/ntan/modustoolbox_1.0/tools/gcc-7.2.1-1.0/bin/../lib/gcc/arm-none-eabi/7.2.1/../../../../arm-none-eabi/lib/thumb/v7e-m/fpv4-sp/softfp\libg_nano.a(lib_a-fwalk.o)
 .ARM.attributes
                0x00000773       0x32 c:/users/ntan/modustoolbox_1.0/tools/gcc-7.2.1-1.0/bin/../lib/gcc/arm-none-eabi/7.2.1/../../../../arm-none-eabi/lib/thumb/v7e-m/fpv4-sp/softfp\libg_nano.a(lib_a-locale.o)
 .ARM.attributes
                0x000007a5       0x32 c:/users/ntan/modustoolbox_1.0/tools/gcc-7.2.1-1.0/bin/../lib/gcc/arm-none-eabi/7.2.1/../../../../arm-none-eabi/lib/thumb/v7e-m/fpv4-sp/softfp\libg_nano.a(lib_a-localeconv.o)
 .ARM.attributes
                0x000007d7       0x32 c:/users/ntan/modustoolbox_1.0/tools/gcc-7.2.1-1.0/bin/../lib/gcc/arm-none-eabi/7.2.1/../../../../arm-none-eabi/lib/thumb/v7e-m/fpv4-sp/softfp\libg_nano.a(lib_a-malloc.o)
 .ARM.attributes
                0x00000809       0x32 c:/users/ntan/modustoolbox_1.0/tools/gcc-7.2.1-1.0/bin/../lib/gcc/arm-none-eabi/7.2.1/../../../../arm-none-eabi/lib/thumb/v7e-m/fpv4-sp/softfp\libg_nano.a(lib_a-mbtowc_r.o)
 .ARM.attributes
                0x0000083b       0x20 c:/users/ntan/modustoolbox_1.0/tools/gcc-7.2.1-1.0/bin/../lib/gcc/arm-none-eabi/7.2.1/../../../../arm-none-eabi/lib/thumb/v7e-m/fpv4-sp/softfp\libg_nano.a(lib_a-memchr.o)
 .ARM.attributes
                0x0000085b       0x32 c:/users/ntan/modustoolbox_1.0/tools/gcc-7.2.1-1.0/bin/../lib/gcc/arm-none-eabi/7.2.1/../../../../arm-none-eabi/lib/thumb/v7e-m/fpv4-sp/softfp\libg_nano.a(lib_a-memcpy-stub.o)
 .ARM.attributes
                0x0000088d       0x32 c:/users/ntan/modustoolbox_1.0/tools/gcc-7.2.1-1.0/bin/../lib/gcc/arm-none-eabi/7.2.1/../../../../arm-none-eabi/lib/thumb/v7e-m/fpv4-sp/softfp\libg_nano.a(lib_a-mprec.o)
 .ARM.attributes
                0x000008bf       0x32 c:/users/ntan/modustoolbox_1.0/tools/gcc-7.2.1-1.0/bin/../lib/gcc/arm-none-eabi/7.2.1/../../../../arm-none-eabi/lib/thumb/v7e-m/fpv4-sp/softfp\libg_nano.a(lib_a-nano-callocr.o)
 .ARM.attributes
                0x000008f1       0x32 c:/users/ntan/modustoolbox_1.0/tools/gcc-7.2.1-1.0/bin/../lib/gcc/arm-none-eabi/7.2.1/../../../../arm-none-eabi/lib/thumb/v7e-m/fpv4-sp/softfp\libg_nano.a(lib_a-nano-freer.o)
 .ARM.attributes
                0x00000923       0x32 c:/users/ntan/modustoolbox_1.0/tools/gcc-7.2.1-1.0/bin/../lib/gcc/arm-none-eabi/7.2.1/../../../../arm-none-eabi/lib/thumb/v7e-m/fpv4-sp/softfp\libg_nano.a(lib_a-nano-mallocr.o)
 .ARM.attributes
                0x00000955       0x32 c:/users/ntan/modustoolbox_1.0/tools/gcc-7.2.1-1.0/bin/../lib/gcc/arm-none-eabi/7.2.1/../../../../arm-none-eabi/lib/thumb/v7e-m/fpv4-sp/softfp\libg_nano.a(lib_a-nano-vfprintf.o)
 .ARM.attributes
                0x00000987       0x32 c:/users/ntan/modustoolbox_1.0/tools/gcc-7.2.1-1.0/bin/../lib/gcc/arm-none-eabi/7.2.1/../../../../arm-none-eabi/lib/thumb/v7e-m/fpv4-sp/softfp\libg_nano.a(lib_a-sbrkr.o)
 .ARM.attributes
                0x000009b9       0x32 c:/users/ntan/modustoolbox_1.0/tools/gcc-7.2.1-1.0/bin/../lib/gcc/arm-none-eabi/7.2.1/../../../../arm-none-eabi/lib/thumb/v7e-m/fpv4-sp/softfp\libg_nano.a(lib_a-stdio.o)
 .ARM.attributes
                0x000009eb       0x32 c:/users/ntan/modustoolbox_1.0/tools/gcc-7.2.1-1.0/bin/../lib/gcc/arm-none-eabi/7.2.1/../../../../arm-none-eabi/lib/thumb/v7e-m/fpv4-sp/softfp\libg_nano.a(lib_a-wbuf.o)
 .ARM.attributes
                0x00000a1d       0x32 c:/users/ntan/modustoolbox_1.0/tools/gcc-7.2.1-1.0/bin/../lib/gcc/arm-none-eabi/7.2.1/../../../../arm-none-eabi/lib/thumb/v7e-m/fpv4-sp/softfp\libg_nano.a(lib_a-wctomb_r.o)
 .ARM.attributes
                0x00000a4f       0x32 c:/users/ntan/modustoolbox_1.0/tools/gcc-7.2.1-1.0/bin/../lib/gcc/arm-none-eabi/7.2.1/../../../../arm-none-eabi/lib/thumb/v7e-m/fpv4-sp/softfp\libg_nano.a(lib_a-writer.o)
 .ARM.attributes
                0x00000a81       0x32 c:/users/ntan/modustoolbox_1.0/tools/gcc-7.2.1-1.0/bin/../lib/gcc/arm-none-eabi/7.2.1/../../../../arm-none-eabi/lib/thumb/v7e-m/fpv4-sp/softfp\libg_nano.a(lib_a-wsetup.o)
 .ARM.attributes
                0x00000ab3       0x32 c:/users/ntan/modustoolbox_1.0/tools/gcc-7.2.1-1.0/bin/../lib/gcc/arm-none-eabi/7.2.1/../../../../arm-none-eabi/lib/thumb/v7e-m/fpv4-sp/softfp\libg_nano.a(lib_a-closer.o)
 .ARM.attributes
                0x00000ae5       0x32 c:/users/ntan/modustoolbox_1.0/tools/gcc-7.2.1-1.0/bin/../lib/gcc/arm-none-eabi/7.2.1/../../../../arm-none-eabi/lib/thumb/v7e-m/fpv4-sp/softfp\libg_nano.a(lib_a-ctype_.o)
 .ARM.attributes
                0x00000b17       0x32 c:/users/ntan/modustoolbox_1.0/tools/gcc-7.2.1-1.0/bin/../lib/gcc/arm-none-eabi/7.2.1/../../../../arm-none-eabi/lib/thumb/v7e-m/fpv4-sp/softfp\libg_nano.a(lib_a-fflush.o)
 .ARM.attributes
                0x00000b49       0x32 c:/users/ntan/modustoolbox_1.0/tools/gcc-7.2.1-1.0/bin/../lib/gcc/arm-none-eabi/7.2.1/../../../../arm-none-eabi/lib/thumb/v7e-m/fpv4-sp/softfp\libg_nano.a(lib_a-lseekr.o)
 .ARM.attributes
                0x00000b7b       0x32 c:/users/ntan/modustoolbox_1.0/tools/gcc-7.2.1-1.0/bin/../lib/gcc/arm-none-eabi/7.2.1/../../../../arm-none-eabi/lib/thumb/v7e-m/fpv4-sp/softfp\libg_nano.a(lib_a-makebuf.o)
 .ARM.attributes
                0x00000bad       0x32 c:/users/ntan/modustoolbox_1.0/tools/gcc-7.2.1-1.0/bin/../lib/gcc/arm-none-eabi/7.2.1/../../../../arm-none-eabi/lib/thumb/v7e-m/fpv4-sp/softfp\libg_nano.a(lib_a-mlock.o)
 .ARM.attributes
                0x00000bdf       0x32 c:/users/ntan/modustoolbox_1.0/tools/gcc-7.2.1-1.0/bin/../lib/gcc/arm-none-eabi/7.2.1/../../../../arm-none-eabi/lib/thumb/v7e-m/fpv4-sp/softfp\libg_nano.a(lib_a-readr.o)
 .ARM.attributes
                0x00000c11       0x32 c:/users/ntan/modustoolbox_1.0/tools/gcc-7.2.1-1.0/bin/../lib/gcc/arm-none-eabi/7.2.1/../../../../arm-none-eabi/lib/thumb/v7e-m/fpv4-sp/softfp\libg_nano.a(lib_a-reent.o)
 .ARM.attributes
                0x00000c43       0x32 c:/users/ntan/modustoolbox_1.0/tools/gcc-7.2.1-1.0/bin/../lib/gcc/arm-none-eabi/7.2.1/../../../../arm-none-eabi/lib/thumb/v7e-m/fpv4-sp/softfp\libg_nano.a(lib_a-fstatr.o)
 .ARM.attributes
                0x00000c75       0x32 c:/users/ntan/modustoolbox_1.0/tools/gcc-7.2.1-1.0/bin/../lib/gcc/arm-none-eabi/7.2.1/../../../../arm-none-eabi/lib/thumb/v7e-m/fpv4-sp/softfp\libg_nano.a(lib_a-isattyr.o)
 .ARM.attributes
                0x00000ca7       0x22 c:/users/ntan/modustoolbox_1.0/tools/gcc-7.2.1-1.0/bin/../lib/gcc/arm-none-eabi/7.2.1/thumb/v7e-m/fpv4-sp/softfp\libgcc.a(_arm_cmpdf2.o)
 .ARM.attributes
                0x00000cc9       0x22 c:/users/ntan/modustoolbox_1.0/tools/gcc-7.2.1-1.0/bin/../lib/gcc/arm-none-eabi/7.2.1/thumb/v7e-m/fpv4-sp/softfp\libgcc.a(_arm_unorddf2.o)
 .ARM.attributes
                0x00000ceb       0x22 c:/users/ntan/modustoolbox_1.0/tools/gcc-7.2.1-1.0/bin/../lib/gcc/arm-none-eabi/7.2.1/thumb/v7e-m/fpv4-sp/softfp\libgcc.a(_arm_fixdfsi.o)
 .ARM.attributes
                0x00000d0d       0x32 c:/users/ntan/modustoolbox_1.0/tools/gcc-7.2.1-1.0/bin/../lib/gcc/arm-none-eabi/7.2.1/thumb/v7e-m/fpv4-sp/softfp/crtend.o
 .ARM.attributes
                0x00000d3f       0x22 c:/users/ntan/modustoolbox_1.0/tools/gcc-7.2.1-1.0/bin/../lib/gcc/arm-none-eabi/7.2.1/thumb/v7e-m/fpv4-sp/softfp/crtn.o
 .ARM.attributes
                0x00000d61       0x32 c:/users/ntan/modustoolbox_1.0/tools/gcc-7.2.1-1.0/bin/../lib/gcc/arm-none-eabi/7.2.1/../../../../arm-none-eabi/lib/thumb/v7e-m/fpv4-sp/softfp\libnosys.a(close.o)
 .ARM.attributes
                0x00000d93       0x32 c:/users/ntan/modustoolbox_1.0/tools/gcc-7.2.1-1.0/bin/../lib/gcc/arm-none-eabi/7.2.1/../../../../arm-none-eabi/lib/thumb/v7e-m/fpv4-sp/softfp\libnosys.a(fstat.o)
 .ARM.attributes
                0x00000dc5       0x32 c:/users/ntan/modustoolbox_1.0/tools/gcc-7.2.1-1.0/bin/../lib/gcc/arm-none-eabi/7.2.1/../../../../arm-none-eabi/lib/thumb/v7e-m/fpv4-sp/softfp\libnosys.a(isatty.o)
 .ARM.attributes
                0x00000df7       0x32 c:/users/ntan/modustoolbox_1.0/tools/gcc-7.2.1-1.0/bin/../lib/gcc/arm-none-eabi/7.2.1/../../../../arm-none-eabi/lib/thumb/v7e-m/fpv4-sp/softfp\libnosys.a(lseek.o)
 .ARM.attributes
                0x00000e29       0x32 c:/users/ntan/modustoolbox_1.0/tools/gcc-7.2.1-1.0/bin/../lib/gcc/arm-none-eabi/7.2.1/../../../../arm-none-eabi/lib/thumb/v7e-m/fpv4-sp/softfp\libnosys.a(sbrk.o)

.comment        0x00000000       0x7f
 .comment       0x00000000       0x7f ./psoc6sw-1.0/components/psoc6pdl/utilities/retarget_io/retarget.o
                                 0x80 (size before relaxing)
 .comment       0x0000007f       0x80 ./psoc6sw-1.0/components/psoc6pdl/devices/psoc6/startup/system_psoc6_cm4.o
 .comment       0x0000007f       0x80 ./Source/main.o
 .comment       0x0000007f       0x80 ./Source/stdio_user.o
 .comment       0x0000007f       0x80 ./BlinkyLED_config/GeneratedSource/cycfg.o
 .comment       0x0000007f       0x80 ./BlinkyLED_config/GeneratedSource/cycfg_clocks.o
 .comment       0x0000007f       0x80 ./BlinkyLED_config/GeneratedSource/cycfg_connectivity.o
 .comment       0x0000007f       0x80 ./BlinkyLED_config/GeneratedSource/cycfg_peripherals.o
 .comment       0x0000007f       0x80 ./BlinkyLED_config/GeneratedSource/cycfg_pins.o
 .comment       0x0000007f       0x80 ./BlinkyLED_config/GeneratedSource/cycfg_platform.o
 .comment       0x0000007f       0x80 C:/Users/ntan/git/BlinkyLED03/BlinkyLED_mainapp_psoc6pdl/Debug/libBlinkyLED_mainapp_psoc6pdl.a(cy_device.o)
 .comment       0x0000007f       0x80 C:/Users/ntan/git/BlinkyLED03/BlinkyLED_mainapp_psoc6pdl/Debug/libBlinkyLED_mainapp_psoc6pdl.a(cy_flash.o)
 .comment       0x0000007f       0x80 C:/Users/ntan/git/BlinkyLED03/BlinkyLED_mainapp_psoc6pdl/Debug/libBlinkyLED_mainapp_psoc6pdl.a(cy_gpio.o)
 .comment       0x0000007f       0x80 C:/Users/ntan/git/BlinkyLED03/BlinkyLED_mainapp_psoc6pdl/Debug/libBlinkyLED_mainapp_psoc6pdl.a(cy_ipc_drv.o)
 .comment       0x0000007f       0x80 C:/Users/ntan/git/BlinkyLED03/BlinkyLED_mainapp_psoc6pdl/Debug/libBlinkyLED_mainapp_psoc6pdl.a(cy_ipc_pipe.o)
 .comment       0x0000007f       0x80 C:/Users/ntan/git/BlinkyLED03/BlinkyLED_mainapp_psoc6pdl/Debug/libBlinkyLED_mainapp_psoc6pdl.a(cy_ipc_sema.o)
 .comment       0x0000007f       0x80 C:/Users/ntan/git/BlinkyLED03/BlinkyLED_mainapp_psoc6pdl/Debug/libBlinkyLED_mainapp_psoc6pdl.a(cy_scb_common.o)
 .comment       0x0000007f       0x80 C:/Users/ntan/git/BlinkyLED03/BlinkyLED_mainapp_psoc6pdl/Debug/libBlinkyLED_mainapp_psoc6pdl.a(cy_sysclk.o)
 .comment       0x0000007f       0x80 C:/Users/ntan/git/BlinkyLED03/BlinkyLED_mainapp_psoc6pdl/Debug/libBlinkyLED_mainapp_psoc6pdl.a(cy_sysint.o)
 .comment       0x0000007f       0x80 C:/Users/ntan/git/BlinkyLED03/BlinkyLED_mainapp_psoc6pdl/Debug/libBlinkyLED_mainapp_psoc6pdl.a(cy_syslib.o)
 .comment       0x0000007f       0x80 C:/Users/ntan/git/BlinkyLED03/BlinkyLED_mainapp_psoc6pdl/Debug/libBlinkyLED_mainapp_psoc6pdl.a(cy_syspm.o)
 .comment       0x0000007f       0x80 C:/Users/ntan/git/BlinkyLED03/BlinkyLED_mainapp_psoc6pdl/Debug/libBlinkyLED_mainapp_psoc6pdl.a(cy_prot.o)

.debug_info     0x00000000    0x2d865
 .debug_info    0x00000000     0x140b ./psoc6sw-1.0/components/psoc6pdl/utilities/retarget_io/retarget.o
 .debug_info    0x0000140b       0x26 ./psoc6sw-1.0/components/psoc6pdl/devices/psoc6/startup/gcc/startup_psoc6_01_cm4.o
 .debug_info    0x00001431     0x20f6 ./psoc6sw-1.0/components/psoc6pdl/devices/psoc6/startup/system_psoc6_cm4.o
 .debug_info    0x00003527     0x35ac ./Source/main.o
 .debug_info    0x00006ad3     0x11c6 ./Source/stdio_user.o
 .debug_info    0x00007c99     0x2f0d ./BlinkyLED_config/GeneratedSource/cycfg.o
 .debug_info    0x0000aba6     0x1044 ./BlinkyLED_config/GeneratedSource/cycfg_clocks.o
 .debug_info    0x0000bbea       0x3b ./BlinkyLED_config/GeneratedSource/cycfg_connectivity.o
 .debug_info    0x0000bc25     0x1323 ./BlinkyLED_config/GeneratedSource/cycfg_peripherals.o
 .debug_info    0x0000cf48     0x2f7f ./BlinkyLED_config/GeneratedSource/cycfg_pins.o
 .debug_info    0x0000fec7     0x1cd9 ./BlinkyLED_config/GeneratedSource/cycfg_platform.o
 .debug_info    0x00011ba0       0x26 C:/Users/ntan/git/BlinkyLED03/BlinkyLED_mainapp_psoc6pdl/Debug/libBlinkyLED_mainapp_psoc6pdl.a(cy_syslib_gcc.o)
 .debug_info    0x00011bc6      0x55f C:/Users/ntan/git/BlinkyLED03/BlinkyLED_mainapp_psoc6pdl/Debug/libBlinkyLED_mainapp_psoc6pdl.a(cy_device.o)
 .debug_info    0x00012125     0x3030 C:/Users/ntan/git/BlinkyLED03/BlinkyLED_mainapp_psoc6pdl/Debug/libBlinkyLED_mainapp_psoc6pdl.a(cy_flash.o)
 .debug_info    0x00015155     0x3d86 C:/Users/ntan/git/BlinkyLED03/BlinkyLED_mainapp_psoc6pdl/Debug/libBlinkyLED_mainapp_psoc6pdl.a(cy_gpio.o)
 .debug_info    0x00018edb      0xf54 C:/Users/ntan/git/BlinkyLED03/BlinkyLED_mainapp_psoc6pdl/Debug/libBlinkyLED_mainapp_psoc6pdl.a(cy_ipc_drv.o)
 .debug_info    0x00019e2f     0x20a0 C:/Users/ntan/git/BlinkyLED03/BlinkyLED_mainapp_psoc6pdl/Debug/libBlinkyLED_mainapp_psoc6pdl.a(cy_ipc_pipe.o)
 .debug_info    0x0001becf     0x1a90 C:/Users/ntan/git/BlinkyLED03/BlinkyLED_mainapp_psoc6pdl/Debug/libBlinkyLED_mainapp_psoc6pdl.a(cy_ipc_sema.o)
 .debug_info    0x0001d95f     0x1791 C:/Users/ntan/git/BlinkyLED03/BlinkyLED_mainapp_psoc6pdl/Debug/libBlinkyLED_mainapp_psoc6pdl.a(cy_scb_common.o)
 .debug_info    0x0001f0f0     0x2fc0 C:/Users/ntan/git/BlinkyLED03/BlinkyLED_mainapp_psoc6pdl/Debug/libBlinkyLED_mainapp_psoc6pdl.a(cy_sysclk.o)
 .debug_info    0x000220b0     0x1446 C:/Users/ntan/git/BlinkyLED03/BlinkyLED_mainapp_psoc6pdl/Debug/libBlinkyLED_mainapp_psoc6pdl.a(cy_sysint.o)
 .debug_info    0x000234f6     0x2c99 C:/Users/ntan/git/BlinkyLED03/BlinkyLED_mainapp_psoc6pdl/Debug/libBlinkyLED_mainapp_psoc6pdl.a(cy_syslib.o)
 .debug_info    0x0002618f     0x4533 C:/Users/ntan/git/BlinkyLED03/BlinkyLED_mainapp_psoc6pdl/Debug/libBlinkyLED_mainapp_psoc6pdl.a(cy_syspm.o)
 .debug_info    0x0002a6c2     0x31a3 C:/Users/ntan/git/BlinkyLED03/BlinkyLED_mainapp_psoc6pdl/Debug/libBlinkyLED_mainapp_psoc6pdl.a(cy_prot.o)

.debug_abbrev   0x00000000     0x36cc
 .debug_abbrev  0x00000000      0x213 ./psoc6sw-1.0/components/psoc6pdl/utilities/retarget_io/retarget.o
 .debug_abbrev  0x00000213       0x14 ./psoc6sw-1.0/components/psoc6pdl/devices/psoc6/startup/gcc/startup_psoc6_01_cm4.o
 .debug_abbrev  0x00000227      0x27e ./psoc6sw-1.0/components/psoc6pdl/devices/psoc6/startup/system_psoc6_cm4.o
 .debug_abbrev  0x000004a5      0x280 ./Source/main.o
 .debug_abbrev  0x00000725      0x1f2 ./Source/stdio_user.o
 .debug_abbrev  0x00000917      0x165 ./BlinkyLED_config/GeneratedSource/cycfg.o
 .debug_abbrev  0x00000a7c      0x1f2 ./BlinkyLED_config/GeneratedSource/cycfg_clocks.o
 .debug_abbrev  0x00000c6e       0x2f ./BlinkyLED_config/GeneratedSource/cycfg_connectivity.o
 .debug_abbrev  0x00000c9d      0x1fb ./BlinkyLED_config/GeneratedSource/cycfg_peripherals.o
 .debug_abbrev  0x00000e98      0x1a9 ./BlinkyLED_config/GeneratedSource/cycfg_pins.o
 .debug_abbrev  0x00001041      0x2e4 ./BlinkyLED_config/GeneratedSource/cycfg_platform.o
 .debug_abbrev  0x00001325       0x14 C:/Users/ntan/git/BlinkyLED03/BlinkyLED_mainapp_psoc6pdl/Debug/libBlinkyLED_mainapp_psoc6pdl.a(cy_syslib_gcc.o)